[    0.000000] Linux version 4.15.0-166-generic (buildd@lgw01-amd64-012) (gcc version 7.5.0 (Ubuntu 7.5.0-3ubuntu1~18.04)) #174-Ubuntu SMP Wed Dec 8 19:07:44 UTC 2021 (Ubuntu 4.15.0-166.174-generic 4.15.18)
[    0.000000] Command line: BOOT_IMAGE=/boot/vmlinuz-4.15.0-166-generic root=UUID=1d1d94ce-dc00-4121-a7d7-f8ecb5a32c06 ro console=tty1 console=ttyS0
[    0.000000] KERNEL supported cpus:
[    0.000000]   Intel GenuineIntel
[    0.000000]   AMD AuthenticAMD
[    0.000000]   Centaur CentaurHauls
[    0.000000] x86/fpu: Supporting XSAVE feature 0x001: 'x87 floating point registers'
[    0.000000] x86/fpu: Supporting XSAVE feature 0x002: 'SSE registers'
[    0.000000] x86/fpu: Supporting XSAVE feature 0x004: 'AVX registers'
[    0.000000] x86/fpu: xstate_offset[2]:  576, xstate_sizes[2]:  256
[    0.000000] x86/fpu: Enabled xstate features 0x7, context size is 832 bytes, using 'standard' format.
[    0.000000] e820: BIOS-provided physical RAM map:
[    0.000000] BIOS-e820: [mem 0x0000000000000000-0x000000000009fbff] usable
[    0.000000] BIOS-e820: [mem 0x000000000009fc00-0x000000000009ffff] reserved
[    0.000000] BIOS-e820: [mem 0x00000000000f0000-0x00000000000fffff] reserved
[    0.000000] BIOS-e820: [mem 0x0000000000100000-0x000000001ffeffff] usable
[    0.000000] BIOS-e820: [mem 0x000000001fff0000-0x000000001fffffff] ACPI data
[    0.000000] BIOS-e820: [mem 0x00000000fec00000-0x00000000fec00fff] reserved
[    0.000000] BIOS-e820: [mem 0x00000000fee00000-0x00000000fee00fff] reserved
[    0.000000] BIOS-e820: [mem 0x00000000fffc0000-0x00000000ffffffff] reserved
[    0.000000] NX (Execute Disable) protection: active
[    0.000000] SMBIOS 2.5 present.
[    0.000000] DMI: innotek GmbH VirtualBox/VirtualBox, BIOS VirtualBox 12/01/2006
[    0.000000] Hypervisor detected: KVM
[    0.000000] e820: last_pfn = 0x1fff0 max_arch_pfn = 0x400000000
[    0.000000] MTRR: Disabled
[    0.000000] x86/PAT: MTRRs disabled, skipping PAT initialization too.
[    0.000000] CPU MTRRs all blank - virtualized system.
[    0.000000] x86/PAT: Configuration [0-7]: WB  WT  UC- UC  WB  WT  UC- UC  
[    0.000000] found SMP MP-table at [mem 0x0009fff0-0x0009ffff]
[    0.000000] Scanning 1 areas for low memory corruption
[    0.000000] RAMDISK: [mem 0x1d9b2000-0x1eda0fff]
[    0.000000] ACPI: Early table checksum verification disabled
[    0.000000] ACPI: RSDP 0x00000000000E0000 000024 (v02 VBOX  )
[    0.000000] ACPI: XSDT 0x000000001FFF0030 00003C (v01 VBOX   VBOXXSDT 00000001 ASL  00000061)
[    0.000000] ACPI: FACP 0x000000001FFF00F0 0000F4 (v04 VBOX   VBOXFACP 00000001 ASL  00000061)
[    0.000000] ACPI: DSDT 0x000000001FFF0470 002325 (v02 VBOX   VBOXBIOS 00000002 INTL 20120111)
[    0.000000] ACPI: FACS 0x000000001FFF0200 000040
[    0.000000] ACPI: FACS 0x000000001FFF0200 000040
[    0.000000] ACPI: APIC 0x000000001FFF0240 000054 (v02 VBOX   VBOXAPIC 00000001 ASL  00000061)
[    0.000000] ACPI: SSDT 0x000000001FFF02A0 0001CC (v01 VBOX   VBOXCPUT 00000002 INTL 20120111)
[    0.000000] ACPI: Reserving FACP table memory at [mem 0x1fff00f0-0x1fff01e3]
[    0.000000] ACPI: Reserving DSDT table memory at [mem 0x1fff0470-0x1fff2794]
[    0.000000] ACPI: Reserving FACS table memory at [mem 0x1fff0200-0x1fff023f]
[    0.000000] ACPI: Reserving FACS table memory at [mem 0x1fff0200-0x1fff023f]
[    0.000000] ACPI: Reserving APIC table memory at [mem 0x1fff0240-0x1fff0293]
[    0.000000] ACPI: Reserving SSDT table memory at [mem 0x1fff02a0-0x1fff046b]
[    0.000000] No NUMA configuration found
[    0.000000] Faking a node at [mem 0x0000000000000000-0x000000001ffeffff]
[    0.000000] NODE_DATA(0) allocated [mem 0x1ffc5000-0x1ffeffff]
[    0.000000] kvm-clock: cpu 0, msr 0:1ff44001, primary cpu clock
[    0.000000] kvm-clock: Using msrs 4b564d01 and 4b564d00
[    0.000000] kvm-clock: using sched offset of 5120143974 cycles
[    0.000000] clocksource: kvm-clock: mask: 0xffffffffffffffff max_cycles: 0x1cd42e4dffb, max_idle_ns: 881590591483 ns
[    0.000000] Zone ranges:
[    0.000000]   DMA      [mem 0x0000000000001000-0x0000000000ffffff]
[    0.000000]   DMA32    [mem 0x0000000001000000-0x000000001ffeffff]
[    0.000000]   Normal   empty
[    0.000000]   Device   empty
[    0.000000] Movable zone start for each node
[    0.000000] Early memory node ranges
[    0.000000]   node   0: [mem 0x0000000000001000-0x000000000009efff]
[    0.000000]   node   0: [mem 0x0000000000100000-0x000000001ffeffff]
[    0.000000] Reserved but unavailable: 104 pages
[    0.000000] Initmem setup node 0 [mem 0x0000000000001000-0x000000001ffeffff]
[    0.000000] ACPI: PM-Timer IO Port: 0x4008
[    0.000000] IOAPIC[0]: apic_id 1, version 32, address 0xfec00000, GSI 0-23
[    0.000000] ACPI: INT_SRC_OVR (bus 0 bus_irq 0 global_irq 2 dfl dfl)
[    0.000000] ACPI: INT_SRC_OVR (bus 0 bus_irq 9 global_irq 9 low level)
[    0.000000] Using ACPI (MADT) for SMP configuration information
[    0.000000] smpboot: Allowing 1 CPUs, 0 hotplug CPUs
[    0.000000] PM: Registered nosave memory: [mem 0x00000000-0x00000fff]
[    0.000000] PM: Registered nosave memory: [mem 0x0009f000-0x0009ffff]
[    0.000000] PM: Registered nosave memory: [mem 0x000a0000-0x000effff]
[    0.000000] PM: Registered nosave memory: [mem 0x000f0000-0x000fffff]
[    0.000000] e820: [mem 0x20000000-0xfebfffff] available for PCI devices
[    0.000000] Booting paravirtualized kernel on KVM
[    0.000000] clocksource: refined-jiffies: mask: 0xffffffff max_cycles: 0xffffffff, max_idle_ns: 7645519600211568 ns
[    0.000000] random: get_random_bytes called from start_kernel+0x99/0x500 with crng_init=0
[    0.000000] setup_percpu: NR_CPUS:8192 nr_cpumask_bits:1 nr_cpu_ids:1 nr_node_ids:1
[    0.000000] percpu: Embedded 45 pages/cpu s147456 r8192 d28672 u2097152
[    0.000000] PV qspinlock hash table entries: 256 (order: 0, 4096 bytes)
[    0.000000] Built 1 zonelists, mobility grouping on.  Total pages: 128889
[    0.000000] Policy zone: DMA32
[    0.000000] Kernel command line: BOOT_IMAGE=/boot/vmlinuz-4.15.0-166-generic root=UUID=1d1d94ce-dc00-4121-a7d7-f8ecb5a32c06 ro console=tty1 console=ttyS0
[    0.000000] Memory: 465908K/523832K available (12300K kernel code, 2483K rwdata, 4320K rodata, 2448K init, 2724K bss, 57924K reserved, 0K cma-reserved)
[    0.000000] SLUB: HWalign=64, Order=0-3, MinObjects=0, CPUs=1, Nodes=1
[    0.000000] Kernel/User page tables isolation: enabled
[    0.000000] ftrace: allocating 39491 entries in 155 pages
[    0.004000] Hierarchical RCU implementation.
[    0.004000] 	RCU restricting CPUs from NR_CPUS=8192 to nr_cpu_ids=1.
[    0.004000] 	Tasks RCU enabled.
[    0.004000] RCU: Adjusting geometry for rcu_fanout_leaf=16, nr_cpu_ids=1
[    0.004000] NR_IRQS: 524544, nr_irqs: 256, preallocated irqs: 16
[    0.004000] Console: colour VGA+ 80x25
[    0.004000] console [tty1] enabled
[    0.004000] console [ttyS0] enabled
[    0.004000] ACPI: Core revision 20170831
[    0.004000] ACPI: 2 ACPI AML tables successfully acquired and loaded
[    0.004000] APIC: Switch to symmetric I/O mode setup
[    0.004000] x2apic enabled
[    0.004000] Switched APIC routing to physical x2apic.
[    0.004000] ..TIMER: vector=0x30 apic1=0 pin1=2 apic2=-1 pin2=-1
[    0.004005] tsc: Detected 1703.999 MHz processor
[    0.004979] Calibrating delay loop (skipped) preset value.. 3407.99 BogoMIPS (lpj=6815996)
[    0.005751] pid_max: default: 32768 minimum: 301
[    0.008037] Security Framework initialized
[    0.008877] Yama: becoming mindful.
[    0.012049] AppArmor: AppArmor initialized
[    0.016237] Dentry cache hash table entries: 65536 (order: 7, 524288 bytes)
[    0.020042] Inode-cache hash table entries: 32768 (order: 6, 262144 bytes)
[    0.021582] Mount-cache hash table entries: 1024 (order: 1, 8192 bytes)
[    0.024010] Mountpoint-cache hash table entries: 1024 (order: 1, 8192 bytes)
[    0.025662] process: using mwait in idle threads
[    0.028015] Last level iTLB entries: 4KB 64, 2MB 8, 4MB 8
[    0.029097] Last level dTLB entries: 4KB 64, 2MB 0, 4MB 0, 1GB 4
[    0.032004] Spectre V1 : Mitigation: usercopy/swapgs barriers and __user pointer sanitization
[    0.034171] Spectre V2 : Mitigation: Full generic retpoline
[    0.036003] Spectre V2 : Spectre v2 / SpectreRSB mitigation: Filling RSB on context switch
[    0.037996] Speculative Store Bypass: Vulnerable
[    0.039164] SRBDS: Unknown: Dependent on hypervisor status
[    0.040004] MDS: Mitigation: Clear CPU buffers
[    0.055931] Freeing SMP alternatives memory: 36K
[    0.127495] smpboot: CPU0: Intel(R) Core(TM) i7-8557U CPU @ 1.70GHz (family: 0x6, model: 0x8e, stepping: 0xa)
[    0.128000] Performance Events: unsupported p6 CPU model 142 no PMU driver, software events only.
[    0.128036] Hierarchical SRCU implementation.
[    0.129768] NMI watchdog: Perf event create on CPU 0 failed with -2
[    0.131173] NMI watchdog: Perf NMI watchdog permanently disabled
[    0.132051] smp: Bringing up secondary CPUs ...
[    0.133114] smp: Brought up 1 node, 1 CPU
[    0.134034] smpboot: Max logical packages: 1
[    0.136003] smpboot: Total of 1 processors activated (3407.99 BogoMIPS)
[    0.137445] devtmpfs: initialized
[    0.138220] x86/mm: Memory block size: 128MB
[    0.139497] evm: security.selinux
[    0.140004] evm: security.SMACK64
[    0.140722] evm: security.SMACK64EXEC
[    0.141517] evm: security.SMACK64TRANSMUTE
[    0.144015] evm: security.SMACK64MMAP
[    0.144831] evm: security.apparmor
[    0.145546] evm: security.ima
[    0.148004] evm: security.capability
[    0.148918] clocksource: jiffies: mask: 0xffffffff max_cycles: 0xffffffff, max_idle_ns: 7645041785100000 ns
[    0.151207] futex hash table entries: 256 (order: 2, 16384 bytes)
[    0.152065] pinctrl core: initialized pinctrl subsystem
[    0.153206] RTC time: 21:44:51, date: 01/18/22
[    0.154516] NET: Registered protocol family 16
[    0.156063] audit: initializing netlink subsys (disabled)
[    0.157565] cpuidle: using governor ladder
[    0.158556] cpuidle: using governor menu
[    0.160023] ACPI: bus type PCI registered
[    0.160919] acpiphp: ACPI Hot Plug PCI Controller Driver version: 0.5
[    0.162369] PCI: Using configuration type 1 for base access
[    0.163906] audit: type=2000 audit(1642542297.533:1): state=initialized audit_enabled=0 res=1
[    0.164865] HugeTLB registered 2.00 MiB page size, pre-allocated 0 pages
[    0.168134] ACPI: Added _OSI(Module Device)
[    0.169043] ACPI: Added _OSI(Processor Device)
[    0.170001] ACPI: Added _OSI(3.0 _SCP Extensions)
[    0.170990] ACPI: Added _OSI(Processor Aggregator Device)
[    0.172008] ACPI: Added _OSI(Linux-Dell-Video)
[    0.173020] ACPI: Added _OSI(Linux-Lenovo-NV-HDMI-Audio)
[    0.174148] ACPI: Added _OSI(Linux-HPI-Hybrid-Graphics)
[    0.176228] ACPI: Executed 1 blocks of module-level executable AML code
[    0.179990] ACPI: Interpreter enabled
[    0.180011] ACPI: (supports S0 S5)
[    0.180941] ACPI: Using IOAPIC for interrupt routing
[    0.182619] PCI: Using host bridge windows from ACPI; if necessary, use "pci=nocrs" and report a bug
[    0.184211] ACPI: Enabled 2 GPEs in block 00 to 07
[    0.193395] ACPI: PCI Root Bridge [PCI0] (domain 0000 [bus 00-ff])
[    0.194903] acpi PNP0A03:00: _OSC: OS supports [ASPM ClockPM Segments MSI]
[    0.196477] acpi PNP0A03:00: _OSC: not requesting OS control; OS requires [ExtendedConfig ASPM ClockPM MSI]
[    0.200020] acpi PNP0A03:00: fail to add MMCONFIG information, can't access extended PCI configuration space under this bridge.
[    0.202902] PCI host bridge to bus 0000:00
[    0.204003] pci_bus 0000:00: root bus resource [io  0x0000-0x0cf7 window]
[    0.205368] pci_bus 0000:00: root bus resource [io  0x0d00-0xffff window]
[    0.206722] pci_bus 0000:00: root bus resource [mem 0x000a0000-0x000bffff window]
[    0.208002] pci_bus 0000:00: root bus resource [mem 0x20000000-0xfdffffff window]
[    0.209501] pci_bus 0000:00: root bus resource [bus 00-ff]
[    0.215135] pci 0000:00:01.1: legacy IDE quirk: reg 0x10: [io  0x01f0-0x01f7]
[    0.216003] pci 0000:00:01.1: legacy IDE quirk: reg 0x14: [io  0x03f6]
[    0.217473] pci 0000:00:01.1: legacy IDE quirk: reg 0x18: [io  0x0170-0x0177]
[    0.219050] pci 0000:00:01.1: legacy IDE quirk: reg 0x1c: [io  0x0376]
[    0.232201] pci 0000:00:07.0: quirk: [io  0x4000-0x403f] claimed by PIIX4 ACPI
[    0.234026] pci 0000:00:07.0: quirk: [io  0x4100-0x410f] claimed by PIIX4 SMB
[    0.243060] ACPI: PCI Interrupt Link [LNKA] (IRQs 5 9 10 *11)
[    0.244292] ACPI: PCI Interrupt Link [LNKB] (IRQs 5 9 *10 11)
[    0.256018] ACPI: PCI Interrupt Link [LNKC] (IRQs 5 *9 10 11)
[    0.264132] ACPI: PCI Interrupt Link [LNKD] (IRQs 5 9 10 *11)
[    0.265707] SCSI subsystem initialized
[    0.266672] pci 0000:00:02.0: vgaarb: setting as boot VGA device
[    0.268000] pci 0000:00:02.0: vgaarb: VGA device added: decodes=io+mem,owns=io+mem,locks=none
[    0.268004] pci 0000:00:02.0: vgaarb: bridge control possible
[    0.269284] vgaarb: loaded
[    0.269888] ACPI: bus type USB registered
[    0.272024] usbcore: registered new interface driver usbfs
[    0.273167] usbcore: registered new interface driver hub
[    0.274334] usbcore: registered new device driver usb
[    0.276057] EDAC MC: Ver: 3.0.0
[    0.277166] PCI: Using ACPI for IRQ routing
[    0.278684] NetLabel: Initializing
[    0.280002] NetLabel:  domain hash size = 128
[    0.281002] NetLabel:  protocols = UNLABELED CIPSOv4 CALIPSO
[    0.282279] NetLabel:  unlabeled traffic allowed by default
[    0.283768] clocksource: Switched to clocksource kvm-clock
[    0.293597] VFS: Disk quotas dquot_6.6.0
[    0.294473] VFS: Dquot-cache hash table entries: 512 (order 0, 4096 bytes)
[    0.296428] AppArmor: AppArmor Filesystem Enabled
[    0.297561] pnp: PnP ACPI init
[    0.299859] pnp: PnP ACPI: found 3 devices
[    0.306040] clocksource: acpi_pm: mask: 0xffffff max_cycles: 0xffffff, max_idle_ns: 2085701024 ns
[    0.360197] NET: Registered protocol family 2
[    0.361685] IP idents hash table entries: 8192 (order: 4, 65536 bytes)
[    0.363338] TCP established hash table entries: 4096 (order: 3, 32768 bytes)
[    0.365105] TCP bind hash table entries: 4096 (order: 4, 65536 bytes)
[    0.366584] TCP: Hash tables configured (established 4096 bind 4096)
[    0.367925] UDP hash table entries: 256 (order: 1, 8192 bytes)
[    0.369259] UDP-Lite hash table entries: 256 (order: 1, 8192 bytes)
[    0.370663] NET: Registered protocol family 1
[    0.372205] pci 0000:00:00.0: Limiting direct PCI/PCI transfers
[    0.373450] pci 0000:00:01.0: Activating ISA DMA hang workarounds
[    0.374944] pci 0000:00:02.0: Video device with shadowed ROM at [mem 0x000c0000-0x000dffff]
[    0.376924] Unpacking initramfs...
[    0.901229] Freeing initrd memory: 20412K
[    0.903407] clocksource: tsc: mask: 0xffffffffffffffff max_cycles: 0x188fe90467e, max_idle_ns: 440795283699 ns
[    0.905918] platform rtc_cmos: registered platform RTC device (no PNP device found)
[    0.908218] Scanning for low memory corruption every 60 seconds
[    0.909962] Initialise system trusted keyrings
[    0.911018] Key type blacklist registered
[    0.911887] workingset: timestamp_bits=36 max_order=17 bucket_order=0
[    0.913915] zbud: loaded
[    0.914831] squashfs: version 4.0 (2009/01/31) Phillip Lougher
[    0.916105] fuse init (API version 7.26)
[    0.918643] Key type asymmetric registered
[    0.919612] Asymmetric key parser 'x509' registered
[    0.921103] Block layer SCSI generic (bsg) driver version 0.4 loaded (major 246)
[    0.922625] io scheduler noop registered
[    0.976517] io scheduler deadline registered
[    0.977937] io scheduler cfq registered (default)
[    0.980358] ACPI: AC Adapter [AC] (on-line)
[    0.981760] input: Power Button as /devices/LNXSYSTM:00/LNXPWRBN:00/input/input0
[    0.984066] ACPI: Power Button [PWRF]
[    0.985211] input: Sleep Button as /devices/LNXSYSTM:00/LNXSLPBN:00/input/input1
[    0.987663] ACPI: Sleep Button [SLPF]
[    0.990909] ACPI: Battery Slot [BAT0] (battery present)
[    0.993089] Serial: 8250/16550 driver, 32 ports, IRQ sharing enabled
[    1.016831] 00:02: ttyS0 at I/O 0x3f8 (irq = 4, base_baud = 115200) is a 16550A
[    1.020432] Linux agpgart interface v0.103
[    1.023145] loop: module loaded
[    1.025154] scsi host0: ata_piix
[    1.078460] scsi host1: ata_piix
[    1.079338] ata1: PATA max UDMA/33 cmd 0x1f0 ctl 0x3f6 bmdma 0xd000 irq 14
[    1.080769] ata2: PATA max UDMA/33 cmd 0x170 ctl 0x376 bmdma 0xd008 irq 15
[    1.082679] libphy: Fixed MDIO Bus: probed
[    1.083527] tun: Universal TUN/TAP device driver, 1.6
[    1.084605] PPP generic driver version 2.4.2
[    1.085518] ehci_hcd: USB 2.0 'Enhanced' Host Controller (EHCI) Driver
[    1.086814] ehci-pci: EHCI PCI platform driver
[    1.088508] ehci-platform: EHCI generic platform driver
[    1.089603] ohci_hcd: USB 1.1 'Open' Host Controller (OHCI) Driver
[    1.090866] ohci-pci: OHCI PCI platform driver
[    1.091866] ohci-platform: OHCI generic platform driver
[    1.093690] uhci_hcd: USB Universal Host Controller Interface driver
[    1.095177] i8042: PNP: PS/2 Controller [PNP0303:PS2K,PNP0f03:PS2M] at 0x60,0x64 irq 1,12
[    1.097358] serio: i8042 KBD port at 0x60,0x64 irq 1
[    1.098432] serio: i8042 AUX port at 0x60,0x64 irq 12
[    1.099645] mousedev: PS/2 mouse device common for all mice
[    1.101045] input: AT Translated Set 2 keyboard as /devices/platform/i8042/serio0/input/input2
[    1.103311] rtc_cmos rtc_cmos: rtc core: registered rtc_cmos as rtc0
[    1.104825] rtc_cmos rtc_cmos: alarms up to one day, 114 bytes nvram
[    1.106133] i2c /dev entries driver
[    1.106981] device-mapper: uevent: version 1.0.3
[    1.108114] device-mapper: ioctl: 4.37.0-ioctl (2017-09-20) initialised: dm-devel@redhat.com
[    1.109985] ledtrig-cpu: registered to indicate activity on CPUs
[    1.111400] intel_pmc_core:  initialized
[    1.112476] NET: Registered protocol family 10
[    1.115850] Segment Routing with IPv6
[    1.117054] NET: Registered protocol family 17
[    1.118084] Key type dns_resolver registered
[    1.119197] mce: Using 0 MCE banks
[    1.120019] RAS: Correctable Errors collector initialized.
[    1.121266] sched_clock: Marking stable (1121239066, 0)->(1736894559, -615655493)
[    1.123157] registered taskstats version 1
[    1.124039] Loading compiled-in X.509 certificates
[    1.127077] Loaded X.509 cert 'Build time autogenerated kernel key: 408b96eb428cbe545a63e9a677d083d5c6df802b'
[    1.182977] Loaded X.509 cert 'Canonical Ltd. Live Patch Signing: 14df34d1a87cf37625abec039ef2bf521249b969'
[    1.186484] Loaded X.509 cert 'Canonical Ltd. Kernel Module Signing: 88f752e560a1e0737e31163a466ad7b70a850c19'
[    1.189043] blacklist: Loading compiled-in revocation X.509 certificates
[    1.190716] Loaded X.509 cert 'Canonical Ltd. Secure Boot Signing: 61482aa2830d0ab2ad5af10b7250da9033ddcef0'
[    1.194037] zswap: loaded using pool lzo/zbud
[    1.197228] Key type big_key registered
[    1.198125] Key type trusted registered
[    1.200022] Key type encrypted registered
[    1.200921] AppArmor: AppArmor sha1 policy hashing enabled
[    1.202023] ima: No TPM chip found, activating TPM-bypass! (rc=-19)
[    1.203277] ima: Allocated hash algorithm: sha1
[    1.204391] evm: HMAC attrs: 0x1
[    1.205740]   Magic number: 6:235:753
[    1.206811] tty ttyS4: hash matches
[    1.207762] rtc_cmos rtc_cmos: setting system clock to 2022-01-18 21:44:52 UTC (1642542292)
[    1.210070] BIOS EDD facility v0.16 2004-Jun-25, 0 devices found
[    1.211506] EDD information not available.
[    1.291762] Freeing unused kernel image memory: 2448K
[    1.300052] Write protecting the kernel read-only data: 20480k
[    1.301766] Freeing unused kernel image memory: 2008K
[    1.303280] Freeing unused kernel image memory: 1824K
[    1.309784] x86/mm: Checked W+X mappings: passed, no W+X pages found.
[    1.311142] x86/mm: Checking user space page tables
[    1.317338] x86/mm: Checked W+X mappings: passed, no W+X pages found.
Loading, please wait...
starting version 237
[    1.532613] e1000: Intel(R) PRO/1000 Network Driver - version 7.3.21-k8-NAPI
[    1.534492] e1000: Copyright (c) 1999-2006 Intel Corporation.
[    1.536279] Fusion MPT base driver 3.04.20
[    1.537194] Copyright (c) 1999-2008 LSI Corporation
[    1.603630] AVX2 version of gcm_enc/dec engaged.
[    1.604669] AES CTR mode by8 optimization enabled
[    1.694016] vboxvideo: loading out-of-tree module taints kernel.
[    1.695354] vboxvideo: module verification failed: signature and/or required key missing - tainting kernel
[    1.707516] vboxvideo: loading version 6.1.30 r148432
[    1.795964] input: ImExPS/2 Generic Explorer Mouse as /devices/platform/i8042/serio1/input/input4
[    1.800826] Fusion MPT SPI Host driver 3.04.20
[    2.461402] e1000 0000:00:03.0 eth0: (PCI:33MHz:32-bit) 02:77:80:ca:b7:e6
[    2.462833] e1000 0000:00:03.0 eth0: Intel(R) PRO/1000 Network Connection
[    2.465175] [drm] VRAM 01000000
[    2.466331] [TTM] Zone  kernel: Available graphics memory: 246318 kiB
[    2.467536] [TTM] Initializing pool allocator
[    2.468410] [TTM] Initializing DMA pool allocator
[    2.470523] fbcon: vboxdrmfb (fb0) is primary device
[    2.472283] Console: switching to colour frame buffer device 100x37
[    2.476396] vboxvideo 0000:00:02.0: fb0: vboxdrmfb frame buffer device
[    2.477611] [drm] Initialized vboxvideo 1.0.0 20130823 for 0000:00:02.0 on minor 0
[    2.481291] mptbase: ioc0: Initiating bringup
[    2.576301] ioc0: LSI53C1030 A0: Capabilities={Initiator}
[    2.816901] scsi host2: ioc0: LSI53C1030 A0, FwRev=00000000h, Ports=1, MaxQ=256, IRQ=20
[    2.986270] scsi 2:0:0:0: Direct-Access     VBOX     HARDDISK         1.0  PQ: 0 ANSI: 5
[    2.991971] scsi target2:0:0: Beginning Domain Validation
[    2.995043] scsi target2:0:0: Domain Validation skipping write tests
[    2.996399] scsi target2:0:0: Ending Domain Validation
[    2.997920] scsi target2:0:0: asynchronous
[    2.998931] random: fast init done
[    2.999977] scsi 2:0:1:0: Direct-Access     VBOX     HARDDISK         1.0  PQ: 0 ANSI: 5
[    3.002028] scsi target2:0:1: Beginning Domain Validation
[    3.004340] scsi target2:0:1: Domain Validation skipping write tests
[    3.005661] scsi target2:0:1: Ending Domain Validation
[    3.006740] scsi target2:0:1: asynchronous
[    3.011405] random: systemd-udevd: uninitialized urandom read (16 bytes read)
[    3.013025] random: systemd-udevd: uninitialized urandom read (16 bytes read)
[    3.014438] random: systemd-udevd: uninitialized urandom read (16 bytes read)
[    3.016303] sd 2:0:0:0: Attached scsi generic sg0 type 0
[    3.017632] sd 2:0:0:0: [sda] 83886080 512-byte logical blocks: (42.9 GB/40.0 GiB)
[    3.019354] sd 2:0:0:0: [sda] Write Protect is off
[    3.020828] sd 2:0:0:0: [sda] Incomplete mode parameter data
[    3.022015] sd 2:0:0:0: [sda] Assuming drive cache: write through
[    3.023577] sd 2:0:1:0: [sdb] 20480 512-byte logical blocks: (10.5 MB/10.0 MiB)
[    3.025129] sd 2:0:1:0: [sdb] Write Protect is off
[    3.031340] sd 2:0:1:0: [sdb] Incomplete mode parameter data
[    3.033007] sd 2:0:1:0: [sdb] Assuming drive cache: write through
[    3.034352] sd 2:0:1:0: Attached scsi generic sg1 type 0
[    3.066466]  sda: sda1
[    3.069244] sd 2:0:1:0: [sdb] Attached SCSI disk
[    3.070722] sd 2:0:0:0: [sda] Attached SCSI disk
[    3.841831] e1000 0000:00:08.0 eth1: (PCI:33MHz:32-bit) 08:00:27:2d:ec:4d
[    3.844285] e1000 0000:00:08.0 eth1: Intel(R) PRO/1000 Network Connection
[    3.847337] e1000 0000:00:08.0 enp0s8: renamed from eth1
[    3.850420] e1000 0000:00:03.0 enp0s3: renamed from eth0
Begin: Loading essential drivers ... [    4.084440] raid6: sse2x1   gen()  5811 MB/s
[    4.133703] raid6: sse2x1   xor() 10613 MB/s
[    4.235972] raid6: sse2x2   gen() 19081 MB/s
[    4.336031] raid6: sse2x2   xor() 10664 MB/s
[    4.433322] raid6: sse2x4   gen() 19504 MB/s
[    4.495566] raid6: sse2x4   xor()   243 MB/s
[    4.598179] raid6: avx2x1   gen() 28350 MB/s
[    4.699706] raid6: avx2x1   xor() 21763 MB/s
[    4.804176] raid6: avx2x2   gen() 36417 MB/s
[    4.853148] raid6: avx2x2   xor() 19386 MB/s
[    4.957318] raid6: avx2x4   gen() 41792 MB/s
[    5.056081] raid6: avx2x4   xor() 20489 MB/s
[    5.057599] raid6: using algorithm avx2x4 gen() 41792 MB/s
[    5.058632] raid6: .... xor() 20489 MB/s, rmw enabled
[    5.059593] raid6: using avx2x2 recovery algorithm
[    5.113460] xor: automatically using best checksumming function   avx       
[    5.115746] async_tx: api initialized (async)
done.
Begin: Running /scripts/init-premount ... done.
Begin: Mounting root file system ... Begin: Running /scripts/local-top ... done.
Begin: Running /scripts/local-premount ... [    5.159637] Btrfs loaded, crc32c=crc32c-intel
Scanning for Btrfs filesystems
done.
Begin: Will now check root file system ... fsck from util-linux 2.31.1
[/sbin/fsck.ext4 (1) -- /dev/sda1] fsck.ext4 -a -C0 /dev/sda1 
cloudimg-rootfs: clean, 112517/5120000 files, 820689/10485499 blocks
done.
[    5.261015] EXT4-fs (sda1): mounted filesystem with ordered data mode. Opts: (null)
done.
Begin: Running /scripts/local-bottom ... done.
Begin: Running /scripts/init-bottom ... done.
[    5.483810] ip_tables: (C) 2000-2006 Netfilter Core Team
[    5.496009] systemd[1]: systemd 237 running in system mode. (+PAM +AUDIT +SELINUX +IMA +APPARMOR +SMACK +SYSVINIT +UTMP +LIBCRYPTSETUP +GCRYPT +GNUTLS +ACL +XZ +LZ4 +SECCOMP +BLKID +ELFUTILS +KMOD -IDN2 +IDN -PCRE2 default-hierarchy=hybrid)
[    5.501045] systemd[1]: Detected virtualization oracle.
[    5.502524] systemd[1]: Detected architecture x86-64.

Welcome to [1mUbuntu 18.04.6 LTS[0m!

[    5.507165] systemd[1]: Set hostname to <ubuntu-bionic>.
[    5.801765] systemd[1]: Reached target System Time Synchronized.
[[0;32m  OK  [0m] Reached target System Time Synchronized.
[    5.804557] systemd[1]: Started Forward Password Requests to Wall Directory Watch.
[[0;32m  OK  [0m] Started Forward Password Requests to Wall Directory Watch.
[    5.807623] systemd[1]: Set up automount Arbitrary Executable File Formats File System Automount Point.
[[0;32m  OK  [0m] Set up automount Arbitrary Executabâ€¦rmats File System Automount Point.
[    5.827520] systemd[1]: Reached target Swap.
[[0;32m  OK  [0m] Reached target Swap.
[    5.829342] systemd[1]: Reached target User and Group Name Lookups.
[[0;32m  OK  [0m] Reached target User and Group Name Lookups.
[    5.832836] systemd[1]: Created slice User and Session Slice.
[[0;32m  OK  [0m] Created slice User and Session Slice.
[[0;32m  OK  [0m] Created slice System Slice.
[[0;32m  OK  [0m] Listening on fsck to fsckd communication Socket.
[[0;32m  OK  [0m] Listening on Device-mapper event daemon FIFOs.
[[0;32m  OK  [0m] Listening on Journal Audit Socket.
[[0;32m  OK  [0m] Created slice system-serial\x2dgetty.slice.
[[0;32m  OK  [0m] Listening on /dev/initctl Compatibility Named Pipe.
[[0;32m  OK  [0m] Listening on LVM2 metadata daemon socket.
[[0;32m  OK  [0m] Listening on Journal Socket.
         Starting Load Kernel Modules...
         Mounting POSIX Message Queue File System...
         Starting Uncomplicated firewall...
         Starting Monitoring of LVM2 mirrorsâ€¦ng dmeventd or progress polling...
         Mounting Huge Pages File System...
[    5.865995] Loading iSCSI transport class v2.0-870.
         Mounting Kernel Debug File System...
         Starting Set the console keyboard layout...
[[0;32m  OK  [0m] Listening on Syslog Socket.
[[0;32m  OK  [0m] Listening on Network Service Netlink Socket.
         Starting Create list of required stâ€¦ce nodes for the current kernel...
[[0;32m  OK  [0m] Listening on udev Control Socket.
[[0;32m  OK  [0m] Reached target Slices.
         Starting Remount Root and Kernel File Systems...
[[0;32m  OK  [0m] Listening on Journal Socket (/dev/log).
         Starting Journal Service...
[[0;32m  OK  [0m] Listening on udev Kernel Socket.
         Starting udev Coldplug all Devices...
[    5.967362] iscsi: registered transport (tcp)
[    5.980502] iscsi: registered transport (iser)
[[0;32m  OK  [0m] Listening on LVM2 poll daemon socket.
[[0;32m  OK  [0m] Started Load Kernel Modules.
[[0;32m  OK  [0m] Mounted POSIX Message Queue File System.
[[0;32m  OK  [0m] Started Journal Service.
[[0;32m  OK  [0m] Started Uncomplicated firewall.
[[0;32m  OK  [0m] Mounted Huge Pages File System.
[[0;32m  OK  [0m] Mounted Kernel Debug File System.
[[0;32m  OK  [0m] Started Create list of required staâ€¦vice nodes for the current kernel.
[[0;32m  OK  [0m] Started LVM2 metadata daemon.
         Starting Create Static Device Nodes in /dev...[    6.074235] EXT4-fs (sda1): re-mounted. Opts: (null)

         Starting Apply Kernel Variables...
         Mounting Kernel Configuration File System...
         Mounting FUSE Control File System...
[[0;32m  OK  [0m] Started Remount Root and Kernel File Systems.
[[0;32m  OK  [0m] Mounted Kernel Configuration File System.
         Starting Flush Journal to Persistent Storage...
         Starting Load/Save Random Seed...
[[0;32m  OK  [0m] Started Monitoring of LVM2 mirrors,â€¦sing dmeventd or progress polling.
[[0;32m  OK  [0m] Started udev Coldplug all Devices.
[[0;32m  OK  [0m] Started Create Static Device Nodes in /dev.
[[0;32m  OK  [0m] Started Apply Kernel Variables.
[[0;32m  OK  [0m] Started Set the console keyboard layout.
[[0;32m  OK  [0m] Mounted FUSE Control File System.
[[0;32m  OK  [0m] Started Load/Save Random Seed.
         Starting udev Kernel Device Manager...
[[0;32m  OK  [0m] Reached target Local File Systems (Pre).
[[0;32m  OK  [0m] Reached target Local File Systems.
         Starting ebtables ruleset management...
         Starting Tell Plymouth To Write Out Runtime Data...
         Starting AppArmor initialization...
         Starting Set console font and keymap...
         Starting netfilter persistent configuration...
[[0;32m  OK  [0m] Started udev Kernel Device Manager.
[[0;32m  OK  [0m] Started Dispatch Password Requests to Console Directory Watch.
[[0;32m  OK  [0m] Reached target Local Encrypted Volumes.
[[0;32m  OK  [0m] Started Tell Plymouth To Write Out Runtime Data.
[[0;32m  OK  [0m] Started Set console font and keymap.
[[0;32m  OK  [0m] Started Flush Journal to Persistent Storage.
         Starting Create Volatile Files and Directories...
[[0;32m  OK  [0m] Started ebtables ruleset management.
[[0;32m  OK  [0m] Started Create Volatile Files and Directories.
         Starting Update UTMP about System Boot/Shutdown...
[[0;32m  OK  [0m] Started Update UTMP about System Boot/Shutdown.
[[0;32m  OK  [0m] Started netfilter persistent configuration.
[[0;32m  OK  [0m] Found device /dev/ttyS0.
[[0;32m  OK  [0m] Started AppArmor initialization.
         Starting Load AppArmor profiles managed internally by snapd...
         Starting Initial cloud-init job (pre-networking)...
[[0;32m  OK  [0m] Started Load AppArmor profiles managed internally by snapd.
[[0;32m  OK  [0m] Listening on Load/Save RF Kill Switch Status /dev/rfkill Watch.
[    9.072079] cloud-init[573]: Cloud-init v. 21.4-0ubuntu1~18.04.1 running 'init-local' at Tue, 18 Jan 2022 21:45:00 +0000. Up 8.84 seconds.
[[0;32m  OK  [0m] Started Initial cloud-init job (pre-networking).
[[0;32m  OK  [0m] Reached target Network (Pre).
         Starting Network Service...
[[0;32m  OK  [0m] Started Network Service.
         Starting Wait for Network to be Configured...
         Starting Network Name Resolution...
[[0;32m  OK  [0m] Started Network Name Resolution.
[[0;32m  OK  [0m] Reached target Host and Network Name Lookups.
[[0;32m  OK  [0m] Reached target Network.
[[0;32m  OK  [0m] Started Wait for Network to be Configured.
         Starting Initial cloud-init job (metadata service crawler)...
[   11.445199] cloud-init[734]: Cloud-init v. 21.4-0ubuntu1~18.04.1 running 'init' at Tue, 18 Jan 2022 21:45:02 +0000. Up 11.20 seconds.
[   11.449186] cloud-init[734]: ci-info: ++++++++++++++++++++++++++++++++++++++Net device info+++++++++++++++++++++++++++++++++++++++
[   11.507742] cloud-init[734]: ci-info: +--------+-------+----------------------------+---------------+--------+-------------------+
[   11.510218] cloud-init[734]: ci-info: | Device |   Up  |          Address           |      Mask     | Scope  |     Hw-Address    |
[   11.517124] cloud-init[734]: ci-info: +--------+-------+----------------------------+---------------+--------+-------------------+
[   11.519923] cloud-init[734]: ci-info: | enp0s3 |  True |       192.168.121.15       | 255.255.255.0 | global | 02:77:80:ca:b7:e6 |
[   11.526088] cloud-init[734]: ci-info: | enp0s3 |  True | fe80::77:80ff:feca:b7e6/64 |       .       |  link  | 02:77:80:ca:b7:e6 |
[   11.532884] cloud-init[734]: ci-info: | enp0s8 | False |             .              |       .       |   .    | 08:00:27:2d:ec:4d |
[   11.538470] cloud-init[734]: ci-info: |   lo   |  True |         127.0.0.1          |   255.0.0.0   |  host  |         .         |
[   11.541672] cloud-init[734]: ci-info: |   lo   |  True |          ::1/128           |       .       |  host  |         .         |
[   11.550573] cloud-init[734]: ci-info: +--------+-------+----------------------------+---------------+--------+-------------------+
[   11.553808] cloud-init[734]: ci-info: ++++++++++++++++++++++++++++++++Route IPv4 info++++++++++++++++++++++++++++++++
[   11.555983] cloud-init[734]: ci-info: +-------+---------------+---------------+-----------------+-----------+-------+
[   11.626069] cloud-init[734]: ci-info: | Route |  Destination  |    Gateway    |     Genmask     | Interface | Flags |
[   11.628023] cloud-init[734]: ci-info: +-------+---------------+---------------+-----------------+-----------+-------+
[   11.632933] cloud-init[734]: ci-info: |   0   |    0.0.0.0    | 192.168.121.2 |     0.0.0.0     |   enp0s3  |   UG  |
[   11.635234] cloud-init[734]: ci-info: |   1   | 192.168.121.0 |    0.0.0.0    |  255.255.255.0  |   enp0s3  |   U   |
[   11.637578] cloud-init[734]: ci-info: |   2   | 192.168.121.2 |    0.0.0.0    | 255.255.255.255 |   enp0s3  |   UH  |
[   11.640767] cloud-init[734]: ci-info: +-------+---------------+---------------+-----------------+-----------+-------+
[   11.643585] cloud-init[734]: ci-info: +++++++++++++++++++Route IPv6 info+++++++++++++++++++
[   11.645907] cloud-init[734]: ci-info: +-------+-------------+---------+-----------+-------+
[   11.650821] cloud-init[734]: ci-info: | Route | Destination | Gateway | Interface | Flags |
[   11.655814] cloud-init[734]: ci-info: +-------+-------------+---------+-----------+-------+
[   11.661462] cloud-init[734]: ci-info: |   1   |  fe80::/64  |    ::   |   enp0s3  |   U   |
[   11.666336] cloud-init[734]: ci-info: |   3   |   anycast   |    ::   |   enp0s3  |   U   |
[   11.668380] cloud-init[734]: ci-info: |   4   |    local    |    ::   |   enp0s3  |   U   |
[   11.714538] cloud-init[734]: ci-info: |   5   |   ff00::/8  |    ::   |   enp0s3  |   U   |
[   11.715918] cloud-init[734]: ci-info: +-------+-------------+---------+-----------+-------+
[[0;32m  OK  [0m] Started Initial cloud-init job (metadata service crawler).
[[0;32m  OK  [0m] Reached target Network is Online.
[[0;32m  OK  [0m] Reached target Remote File Systems (Pre).
         Starting Availability of block devices...
         Mounting /vagrant...
[[0;32m  OK  [0m] Reached target System Initialization.
         Starting Socket activation for snappy daemon.
[[0;32m  OK  [0m] Started ACPI Events Check.
[[0;32m  OK  [0m] Started Daily Cleanup of Temporary Directories.
[[0;32m  OK  [0m] Started Message of the Day.
[[0;32m  OK  [0m] Listening on UUID daemon activation socket.
[[0;32m  OK  [0m] Started Discard unused blocks once a week.
[[0;32m  OK  [0m] Listening on D-Bus System Message Bus Socket.
[[0;32m  OK  [0m] Listening on Open-iSCSI iscsid Socket.
[[0;32m  OK  [0m] Started Ubuntu Advantage Timer for running repeated jobs.
[[0;32m  OK  [0m] Started Trigger to poll for Ubuntu â€¦(Only enabled on GCP LTS non-pro).
[[0;32m  OK  [0m] Reached target Paths.
[[0;32m  OK  [0m] Started Daily apt download activities.
[[0;32m  OK  [0m] Started Daily apt upgrade and clean activities.
[[0;32m  OK  [0m] Reached target Timers.
[[0;32m  OK  [0m] Listening on cloud-init hotplug hook socket.
[[0;32m  OK  [0m] Listening on ACPID Listen Socket.
         Starting LXD - unix socket.
[[0;32m  OK  [0m] Reached target Cloud-config availability.
[[0;32m  OK  [0m] Started Availability of block devices.
[[0;1;31mFAILED[0m] Failed to mount /vagrant.
See 'systemctl status vagrant.mount' for details.
[[0;1;33mDEPEND[0m] Dependency failed for Remote File Systems.
[[0;32m  OK  [0m] Listening on Socket activation for snappy daemon.
[[0;32m  OK  [0m] Listening on LXD - unix socket.
[[0;32m  OK  [0m] Reached target Sockets.
[[0;32m  OK  [0m] Reached target Basic System.
         Starting Dispatcher daemon for systemd-networkd...
         Starting System Logging Service...
         Starting Login Service...
[[0;32m  OK  [0m] Started D-Bus System Message Bus.
[[0;32m  OK  [0m] Started FUSE filesystem for LXC.
         Starting OpenBSD Secure Shell server...
         Starting LXD - container startup/shutdown...
         Starting LSB: Record successful boot for GRUB...
         Starting Accounts Service...
[[0;32m  OK  [0m] Started strongSwan IPsec IKEv1/IKEv2 daemon using ipsec.conf.
         Starting Message of the Day...
[[0;32m  OK  [0m] Started Deferred execution scheduler.
[[0;32m  OK  [0m] Started Regular background program processing daemon.
[[0;32m  OK  [0m] Started irqbalance daemon.
         Starting Snap Daemon...
         Starting vboxadd.service...
         Starting Permit User Sessions...
         Starting LSB: automatic crash report generation...
[[0;32m  OK  [0m] Started System Logging Service.
[[0;32m  OK  [0m] Started Permit User Sessions.
[[0;32m  OK  [0m] Started Login Service.
[[0;32m  OK  [0m] Started OpenBSD Secure Shell server.
[[0;32m  OK  [0m] Started LXD - container startup/shutdown.
         Starting Authorization Manager...
[[0;32m  OK  [0m] Started Unattended Upgrades Shutdown.
         Starting Hold until boot process finishes up...
         Starting Terminate Plymouth Boot Screen...
[[0;32m  OK  [0m] Started Hold until boot process finishes up.
[[0;32m  OK  [0m] Started Serial Getty on ttyS0.
         Starting Set console scheme...
[[0;32m  OK  [0m] Started Terminate Plymouth Boot Screen.
[[0;32m  OK  [0m] Started Dispatcher daemon for systemd-networkd.
[[0;32m  OK  [0m] Started LSB: Record successful boot for GRUB.
[[0;32m  OK  [0m] Started Authorization Manager.
[[0;32m  OK  [0m] Started Accounts Service.
[[0;32m  OK  [0m] Started Set console scheme.
[[0;32m  OK  [0m] Created slice system-getty.slice.
[[0;32m  OK  [0m] Started Getty on tty1.
[[0;32m  OK  [0m] Reached target Login Prompts.
[[0;32m  OK  [0m] Created slice User Slice of vagrant.
         Starting User Manager for UID 1000...
[[0;32m  OK  [0m] Started Session 1 of user vagrant.
[[0;32m  OK  [0m] Started LSB: automatic crash report generation.
[[0;32m  OK  [0m] Started User Manager for UID 1000.
[[0;32m  OK  [0m] Started Snap Daemon.
         Starting Wait until snapd is fully seeded...
[[0;32m  OK  [0m] Started Wait until snapd is fully seeded.
         Starting Apply the settings specified in cloud-config...
[[0;32m  OK  [0m] Started vboxadd.service.
         Starting vboxadd-service.service...
[[0;32m  OK  [0m] Started vboxadd-service.service.
[[0;32m  OK  [0m] Reached target Multi-User System.
[[0;32m  OK  [0m] Reached target Graphical Interface.
         Starting Update UTMP about System Runlevel Changes...
[   19.168052] cloud-init[1263]: Cloud-init v. 21.4-0ubuntu1~18.04.1 running 'modules:config' at Tue, 18 Jan 2022 21:45:09 +0000. Up 18.68 seconds.

Ubuntu 18.04.6 LTS ubuntu-bionic ttyS0

ubuntu-bionic login: [   20.970680] cloud-init[1651]: Cloud-init v. 21.4-0ubuntu1~18.04.1 running 'modules:final' at Tue, 18 Jan 2022 21:45:11 +0000. Up 20.64 seconds.
[   20.971158] cloud-init[1651]: Cloud-init v. 21.4-0ubuntu1~18.04.1 finished at Tue, 18 Jan 2022 21:45:12 +0000. Datasource DataSourceNoCloud [seed=/dev/sdb][dsmode=net].  Up 20.96 seconds
[[0;32m  OK  [0m] Started Daily apt download activities.
         Starting Daily apt upgrade and clean activities...
[[0;32m  OK  [0m] Started Daily apt upgrade and clean activities.
