[    0.000000] Linux version 4.15.0-166-generic (buildd@lgw01-amd64-012) (gcc version 7.5.0 (Ubuntu 7.5.0-3ubuntu1~18.04)) #174-Ubuntu SMP Wed Dec 8 19:07:44 UTC 2021 (Ubuntu 4.15.0-166.174-generic 4.15.18)
[    0.000000] Command line: BOOT_IMAGE=/boot/vmlinuz-4.15.0-166-generic root=UUID=1d1d94ce-dc00-4121-a7d7-f8ecb5a32c06 ro console=tty1 console=ttyS0
[    0.000000] KERNEL supported cpus:
[    0.000000]   Intel GenuineIntel
[    0.000000]   AMD AuthenticAMD
[    0.000000]   Centaur CentaurHauls
[    0.000000] x86/fpu: Supporting XSAVE feature 0x001: 'x87 floating point registers'
[    0.000000] x86/fpu: Supporting XSAVE feature 0x002: 'SSE registers'
[    0.000000] x86/fpu: Supporting XSAVE feature 0x004: 'AVX registers'
[    0.000000] x86/fpu: xstate_offset[2]:  576, xstate_sizes[2]:  256
[    0.000000] x86/fpu: Enabled xstate features 0x7, context size is 832 bytes, using 'standard' format.
[    0.000000] e820: BIOS-provided physical RAM map:
[    0.000000] BIOS-e820: [mem 0x0000000000000000-0x000000000009fbff] usable
[    0.000000] BIOS-e820: [mem 0x000000000009fc00-0x000000000009ffff] reserved
[    0.000000] BIOS-e820: [mem 0x00000000000f0000-0x00000000000fffff] reserved
[    0.000000] BIOS-e820: [mem 0x0000000000100000-0x000000001ffeffff] usable
[    0.000000] BIOS-e820: [mem 0x000000001fff0000-0x000000001fffffff] ACPI data
[    0.000000] BIOS-e820: [mem 0x00000000fec00000-0x00000000fec00fff] reserved
[    0.000000] BIOS-e820: [mem 0x00000000fee00000-0x00000000fee00fff] reserved
[    0.000000] BIOS-e820: [mem 0x00000000fffc0000-0x00000000ffffffff] reserved
[    0.000000] NX (Execute Disable) protection: active
[    0.000000] SMBIOS 2.5 present.
[    0.000000] DMI: innotek GmbH VirtualBox/VirtualBox, BIOS VirtualBox 12/01/2006
[    0.000000] Hypervisor detected: KVM
[    0.000000] e820: last_pfn = 0x1fff0 max_arch_pfn = 0x400000000
[    0.000000] MTRR: Disabled
[    0.000000] x86/PAT: MTRRs disabled, skipping PAT initialization too.
[    0.000000] CPU MTRRs all blank - virtualized system.
[    0.000000] x86/PAT: Configuration [0-7]: WB  WT  UC- UC  WB  WT  UC- UC  
[    0.000000] found SMP MP-table at [mem 0x0009fff0-0x0009ffff]
[    0.000000] Scanning 1 areas for low memory corruption
[    0.000000] RAMDISK: [mem 0x1d9b2000-0x1eda0fff]
[    0.000000] ACPI: Early table checksum verification disabled
[    0.000000] ACPI: RSDP 0x00000000000E0000 000024 (v02 VBOX  )
[    0.000000] ACPI: XSDT 0x000000001FFF0030 00003C (v01 VBOX   VBOXXSDT 00000001 ASL  00000061)
[    0.000000] ACPI: FACP 0x000000001FFF00F0 0000F4 (v04 VBOX   VBOXFACP 00000001 ASL  00000061)
[    0.000000] ACPI: DSDT 0x000000001FFF0470 002325 (v02 VBOX   VBOXBIOS 00000002 INTL 20120111)
[    0.000000] ACPI: FACS 0x000000001FFF0200 000040
[    0.000000] ACPI: FACS 0x000000001FFF0200 000040
[    0.000000] ACPI: APIC 0x000000001FFF0240 000054 (v02 VBOX   VBOXAPIC 00000001 ASL  00000061)
[    0.000000] ACPI: SSDT 0x000000001FFF02A0 0001CC (v01 VBOX   VBOXCPUT 00000002 INTL 20120111)
[    0.000000] ACPI: Reserving FACP table memory at [mem 0x1fff00f0-0x1fff01e3]
[    0.000000] ACPI: Reserving DSDT table memory at [mem 0x1fff0470-0x1fff2794]
[    0.000000] ACPI: Reserving FACS table memory at [mem 0x1fff0200-0x1fff023f]
[    0.000000] ACPI: Reserving FACS table memory at [mem 0x1fff0200-0x1fff023f]
[    0.000000] ACPI: Reserving APIC table memory at [mem 0x1fff0240-0x1fff0293]
[    0.000000] ACPI: Reserving SSDT table memory at [mem 0x1fff02a0-0x1fff046b]
[    0.000000] No NUMA configuration found
[    0.000000] Faking a node at [mem 0x0000000000000000-0x000000001ffeffff]
[    0.000000] NODE_DATA(0) allocated [mem 0x1ffc5000-0x1ffeffff]
[    0.000000] kvm-clock: cpu 0, msr 0:1ff44001, primary cpu clock
[    0.000000] kvm-clock: Using msrs 4b564d01 and 4b564d00
[    0.000000] kvm-clock: using sched offset of 5078437819 cycles
[    0.000000] clocksource: kvm-clock: mask: 0xffffffffffffffff max_cycles: 0x1cd42e4dffb, max_idle_ns: 881590591483 ns
[    0.000000] Zone ranges:
[    0.000000]   DMA      [mem 0x0000000000001000-0x0000000000ffffff]
[    0.000000]   DMA32    [mem 0x0000000001000000-0x000000001ffeffff]
[    0.000000]   Normal   empty
[    0.000000]   Device   empty
[    0.000000] Movable zone start for each node
[    0.000000] Early memory node ranges
[    0.000000]   node   0: [mem 0x0000000000001000-0x000000000009efff]
[    0.000000]   node   0: [mem 0x0000000000100000-0x000000001ffeffff]
[    0.000000] Reserved but unavailable: 104 pages
[    0.000000] Initmem setup node 0 [mem 0x0000000000001000-0x000000001ffeffff]
[    0.000000] ACPI: PM-Timer IO Port: 0x4008
[    0.000000] IOAPIC[0]: apic_id 1, version 32, address 0xfec00000, GSI 0-23
[    0.000000] ACPI: INT_SRC_OVR (bus 0 bus_irq 0 global_irq 2 dfl dfl)
[    0.000000] ACPI: INT_SRC_OVR (bus 0 bus_irq 9 global_irq 9 low level)
[    0.000000] Using ACPI (MADT) for SMP configuration information
[    0.000000] smpboot: Allowing 1 CPUs, 0 hotplug CPUs
[    0.000000] PM: Registered nosave memory: [mem 0x00000000-0x00000fff]
[    0.000000] PM: Registered nosave memory: [mem 0x0009f000-0x0009ffff]
[    0.000000] PM: Registered nosave memory: [mem 0x000a0000-0x000effff]
[    0.000000] PM: Registered nosave memory: [mem 0x000f0000-0x000fffff]
[    0.000000] e820: [mem 0x20000000-0xfebfffff] available for PCI devices
[    0.000000] Booting paravirtualized kernel on KVM
[    0.000000] clocksource: refined-jiffies: mask: 0xffffffff max_cycles: 0xffffffff, max_idle_ns: 7645519600211568 ns
[    0.000000] random: get_random_bytes called from start_kernel+0x99/0x500 with crng_init=0
[    0.000000] setup_percpu: NR_CPUS:8192 nr_cpumask_bits:1 nr_cpu_ids:1 nr_node_ids:1
[    0.000000] percpu: Embedded 45 pages/cpu s147456 r8192 d28672 u2097152
[    0.000000] PV qspinlock hash table entries: 256 (order: 0, 4096 bytes)
[    0.000000] Built 1 zonelists, mobility grouping on.  Total pages: 128889
[    0.000000] Policy zone: DMA32
[    0.000000] Kernel command line: BOOT_IMAGE=/boot/vmlinuz-4.15.0-166-generic root=UUID=1d1d94ce-dc00-4121-a7d7-f8ecb5a32c06 ro console=tty1 console=ttyS0
[    0.000000] Memory: 465908K/523832K available (12300K kernel code, 2483K rwdata, 4320K rodata, 2448K init, 2724K bss, 57924K reserved, 0K cma-reserved)
[    0.000000] SLUB: HWalign=64, Order=0-3, MinObjects=0, CPUs=1, Nodes=1
[    0.000000] Kernel/User page tables isolation: enabled
[    0.000000] ftrace: allocating 39491 entries in 155 pages
[    0.004000] Hierarchical RCU implementation.
[    0.004000] 	RCU restricting CPUs from NR_CPUS=8192 to nr_cpu_ids=1.
[    0.004000] 	Tasks RCU enabled.
[    0.004000] RCU: Adjusting geometry for rcu_fanout_leaf=16, nr_cpu_ids=1
[    0.004000] NR_IRQS: 524544, nr_irqs: 256, preallocated irqs: 16
[    0.004000] Console: colour VGA+ 80x25
[    0.004000] console [tty1] enabled
[    0.004000] console [ttyS0] enabled
[    0.004000] ACPI: Core revision 20170831
[    0.004000] ACPI: 2 ACPI AML tables successfully acquired and loaded
[    0.004000] APIC: Switch to symmetric I/O mode setup
[    0.004000] x2apic enabled
[    0.004000] Switched APIC routing to physical x2apic.
[    0.004000] ..TIMER: vector=0x30 apic1=0 pin1=2 apic2=-1 pin2=-1
[    0.004003] tsc: Detected 1703.999 MHz processor
[    0.004966] Calibrating delay loop (skipped) preset value.. 3407.99 BogoMIPS (lpj=6815996)
[    0.008007] pid_max: default: 32768 minimum: 301
[    0.009401] Security Framework initialized
[    0.012002] Yama: becoming mindful.
[    0.012994] AppArmor: AppArmor initialized
[    0.014415] Dentry cache hash table entries: 65536 (order: 7, 524288 bytes)
[    0.016030] Inode-cache hash table entries: 32768 (order: 6, 262144 bytes)
[    0.017786] Mount-cache hash table entries: 1024 (order: 1, 8192 bytes)
[    0.020004] Mountpoint-cache hash table entries: 1024 (order: 1, 8192 bytes)
[    0.021915] process: using mwait in idle threads
[    0.023001] Last level iTLB entries: 4KB 64, 2MB 8, 4MB 8
[    0.024002] Last level dTLB entries: 4KB 64, 2MB 0, 4MB 0, 1GB 4
[    0.025691] Spectre V1 : Mitigation: usercopy/swapgs barriers and __user pointer sanitization
[    0.027552] Spectre V2 : Mitigation: Full generic retpoline
[    0.028003] Spectre V2 : Spectre v2 / SpectreRSB mitigation: Filling RSB on context switch
[    0.029705] Speculative Store Bypass: Vulnerable
[    0.030691] SRBDS: Unknown: Dependent on hypervisor status
[    0.032001] MDS: Mitigation: Clear CPU buffers
[    0.046491] Freeing SMP alternatives memory: 36K
[    0.121864] APIC calibration not consistent with PM-Timer: 55ms instead of 100ms
[    0.124000] APIC delta adjusted to PM-Timer: 6582645 (3631255)
[    0.124095] smpboot: CPU0: Intel(R) Core(TM) i7-8557U CPU @ 1.70GHz (family: 0x6, model: 0x8e, stepping: 0xa)
[    0.126576] Performance Events: unsupported p6 CPU model 142 no PMU driver, software events only.
[    0.128030] Hierarchical SRCU implementation.
[    0.129763] NMI watchdog: Perf event create on CPU 0 failed with -2
[    0.131260] NMI watchdog: Perf NMI watchdog permanently disabled
[    0.132026] smp: Bringing up secondary CPUs ...
[    0.132967] smp: Brought up 1 node, 1 CPU
[    0.133801] smpboot: Max logical packages: 1
[    0.134683] smpboot: Total of 1 processors activated (3407.99 BogoMIPS)
[    0.136082] devtmpfs: initialized
[    0.136831] x86/mm: Memory block size: 128MB
[    0.137787] evm: security.selinux
[    0.138491] evm: security.SMACK64
[    0.139193] evm: security.SMACK64EXEC
[    0.140003] evm: security.SMACK64TRANSMUTE
[    0.140875] evm: security.SMACK64MMAP
[    0.141648] evm: security.apparmor
[    0.142351] evm: security.ima
[    0.142969] evm: security.capability
[    0.143765] clocksource: jiffies: mask: 0xffffffff max_cycles: 0xffffffff, max_idle_ns: 7645041785100000 ns
[    0.144005] futex hash table entries: 256 (order: 2, 16384 bytes)
[    0.145230] pinctrl core: initialized pinctrl subsystem
[    0.146334] RTC time: 14:50:38, date: 01/17/22
[    0.148062] NET: Registered protocol family 16
[    0.149045] audit: initializing netlink subsys (disabled)
[    0.150213] cpuidle: using governor ladder
[    0.151032] cpuidle: using governor menu
[    0.152028] ACPI: bus type PCI registered
[    0.152829] acpiphp: ACPI Hot Plug PCI Controller Driver version: 0.5
[    0.154143] PCI: Using configuration type 1 for base access
[    0.155233] audit: type=2000 audit(1642431044.408:1): state=initialized audit_enabled=0 res=1
[    0.156640] HugeTLB registered 2.00 MiB page size, pre-allocated 0 pages
[    0.158380] ACPI: Added _OSI(Module Device)
[    0.160002] ACPI: Added _OSI(Processor Device)
[    0.160884] ACPI: Added _OSI(3.0 _SCP Extensions)
[    0.161799] ACPI: Added _OSI(Processor Aggregator Device)
[    0.162840] ACPI: Added _OSI(Linux-Dell-Video)
[    0.164002] ACPI: Added _OSI(Linux-Lenovo-NV-HDMI-Audio)
[    0.165071] ACPI: Added _OSI(Linux-HPI-Hybrid-Graphics)
[    0.180110] ACPI: Executed 1 blocks of module-level executable AML code
[    0.191091] ACPI: Interpreter enabled
[    0.192023] ACPI: (supports S0 S5)
[    0.193494] ACPI: Using IOAPIC for interrupt routing
[    0.195510] PCI: Using host bridge windows from ACPI; if necessary, use "pci=nocrs" and report a bug
[    0.196260] ACPI: Enabled 2 GPEs in block 00 to 07
[    0.207345] ACPI: PCI Root Bridge [PCI0] (domain 0000 [bus 00-ff])
[    0.208006] acpi PNP0A03:00: _OSC: OS supports [ASPM ClockPM Segments MSI]
[    0.210031] acpi PNP0A03:00: _OSC: not requesting OS control; OS requires [ExtendedConfig ASPM ClockPM MSI]
[    0.212010] acpi PNP0A03:00: fail to add MMCONFIG information, can't access extended PCI configuration space under this bridge.
[    0.216280] PCI host bridge to bus 0000:00
[    0.217161] pci_bus 0000:00: root bus resource [io  0x0000-0x0cf7 window]
[    0.218946] pci_bus 0000:00: root bus resource [io  0x0d00-0xffff window]
[    0.220000] pci_bus 0000:00: root bus resource [mem 0x000a0000-0x000bffff window]
[    0.220002] pci_bus 0000:00: root bus resource [mem 0x20000000-0xfdffffff window]
[    0.221558] pci_bus 0000:00: root bus resource [bus 00-ff]
[    0.226571] pci 0000:00:01.1: legacy IDE quirk: reg 0x10: [io  0x01f0-0x01f7]
[    0.228000] pci 0000:00:01.1: legacy IDE quirk: reg 0x14: [io  0x03f6]
[    0.228002] pci 0000:00:01.1: legacy IDE quirk: reg 0x18: [io  0x0170-0x0177]
[    0.232018] pci 0000:00:01.1: legacy IDE quirk: reg 0x1c: [io  0x0376]
[    0.251519] pci 0000:00:07.0: quirk: [io  0x4000-0x403f] claimed by PIIX4 ACPI
[    0.252035] pci 0000:00:07.0: quirk: [io  0x4100-0x410f] claimed by PIIX4 SMB
[    0.262658] ACPI: PCI Interrupt Link [LNKA] (IRQs 5 9 10 *11)
[    0.264107] ACPI: PCI Interrupt Link [LNKB] (IRQs 5 9 *10 11)
[    0.265394] ACPI: PCI Interrupt Link [LNKC] (IRQs 5 *9 10 11)
[    0.266680] ACPI: PCI Interrupt Link [LNKD] (IRQs 5 9 10 *11)
[    0.268000] SCSI subsystem initialized
[    0.268097] pci 0000:00:02.0: vgaarb: setting as boot VGA device
[    0.269542] pci 0000:00:02.0: vgaarb: VGA device added: decodes=io+mem,owns=io+mem,locks=none
[    0.272004] pci 0000:00:02.0: vgaarb: bridge control possible
[    0.273113] vgaarb: loaded
[    0.273693] ACPI: bus type USB registered
[    0.274504] usbcore: registered new interface driver usbfs
[    0.275572] usbcore: registered new interface driver hub
[    0.276020] usbcore: registered new device driver usb
[    0.277123] EDAC MC: Ver: 3.0.0
[    0.288246] PCI: Using ACPI for IRQ routing
[    0.290177] NetLabel: Initializing
[    0.291234] NetLabel:  domain hash size = 128
[    0.292002] NetLabel:  protocols = UNLABELED CIPSOv4 CALIPSO
[    0.293619] NetLabel:  unlabeled traffic allowed by default
[    0.295300] clocksource: Switched to clocksource kvm-clock
[    0.305568] VFS: Disk quotas dquot_6.6.0
[    0.306927] VFS: Dquot-cache hash table entries: 512 (order 0, 4096 bytes)
[    0.308645] AppArmor: AppArmor Filesystem Enabled
[    0.309812] pnp: PnP ACPI init
[    0.312075] pnp: PnP ACPI: found 3 devices
[    0.318792] clocksource: acpi_pm: mask: 0xffffff max_cycles: 0xffffff, max_idle_ns: 2085701024 ns
[    0.320954] NET: Registered protocol family 2
[    0.321896] IP idents hash table entries: 8192 (order: 4, 65536 bytes)
[    0.323361] TCP established hash table entries: 4096 (order: 3, 32768 bytes)
[    0.324839] TCP bind hash table entries: 4096 (order: 4, 65536 bytes)
[    0.326489] TCP: Hash tables configured (established 4096 bind 4096)
[    0.327787] UDP hash table entries: 256 (order: 1, 8192 bytes)
[    0.329023] UDP-Lite hash table entries: 256 (order: 1, 8192 bytes)
[    0.330323] NET: Registered protocol family 1
[    0.331280] pci 0000:00:00.0: Limiting direct PCI/PCI transfers
[    0.384836] pci 0000:00:01.0: Activating ISA DMA hang workarounds
[    0.389609] pci 0000:00:02.0: Video device with shadowed ROM at [mem 0x000c0000-0x000dffff]
[    0.393950] Unpacking initramfs...
[    0.941990] Freeing initrd memory: 20412K
[    0.943221] clocksource: tsc: mask: 0xffffffffffffffff max_cycles: 0x188fe90467e, max_idle_ns: 440795283699 ns
[    0.945480] platform rtc_cmos: registered platform RTC device (no PNP device found)
[    0.947228] Scanning for low memory corruption every 60 seconds
[    0.948830] Initialise system trusted keyrings
[    0.949766] Key type blacklist registered
[    0.950647] workingset: timestamp_bits=36 max_order=17 bucket_order=0
[    1.004234] zbud: loaded
[    1.005762] squashfs: version 4.0 (2009/01/31) Phillip Lougher
[    1.007674] fuse init (API version 7.26)
[    1.010770] Key type asymmetric registered
[    1.012296] Asymmetric key parser 'x509' registered
[    1.013757] Block layer SCSI generic (bsg) driver version 0.4 loaded (major 246)
[    1.015593] io scheduler noop registered
[    1.016609] io scheduler deadline registered
[    1.017623] io scheduler cfq registered (default)
[    1.019261] ACPI: AC Adapter [AC] (on-line)
[    1.020611] input: Power Button as /devices/LNXSYSTM:00/LNXPWRBN:00/input/input0
[    1.022218] ACPI: Power Button [PWRF]
[    1.023063] input: Sleep Button as /devices/LNXSYSTM:00/LNXSLPBN:00/input/input1
[    1.024642] ACPI: Sleep Button [SLPF]
[    1.026574] ACPI: Battery Slot [BAT0] (battery present)
[    1.028026] Serial: 8250/16550 driver, 32 ports, IRQ sharing enabled
[    1.050394] 00:02: ttyS0 at I/O 0x3f8 (irq = 4, base_baud = 115200) is a 16550A
[    1.104665] Linux agpgart interface v0.103
[    1.109521] loop: module loaded
[    1.111936] scsi host0: ata_piix
[    1.113617] scsi host1: ata_piix
[    1.114869] ata1: PATA max UDMA/33 cmd 0x1f0 ctl 0x3f6 bmdma 0xd000 irq 14
[    1.117347] ata2: PATA max UDMA/33 cmd 0x170 ctl 0x376 bmdma 0xd008 irq 15
[    1.120492] libphy: Fixed MDIO Bus: probed
[    1.121682] tun: Universal TUN/TAP device driver, 1.6
[    1.123165] PPP generic driver version 2.4.2
[    1.124673] ehci_hcd: USB 2.0 'Enhanced' Host Controller (EHCI) Driver
[    1.126527] ehci-pci: EHCI PCI platform driver
[    1.127814] ehci-platform: EHCI generic platform driver
[    1.129131] ohci_hcd: USB 1.1 'Open' Host Controller (OHCI) Driver
[    1.130610] ohci-pci: OHCI PCI platform driver
[    1.131701] ohci-platform: OHCI generic platform driver
[    1.132990] uhci_hcd: USB Universal Host Controller Interface driver
[    1.134564] i8042: PNP: PS/2 Controller [PNP0303:PS2K,PNP0f03:PS2M] at 0x60,0x64 irq 1,12
[    1.136920] serio: i8042 KBD port at 0x60,0x64 irq 1
[    1.138180] serio: i8042 AUX port at 0x60,0x64 irq 12
[    1.139254] mousedev: PS/2 mouse device common for all mice
[    1.140593] input: AT Translated Set 2 keyboard as /devices/platform/i8042/serio0/input/input2
[    1.142671] rtc_cmos rtc_cmos: rtc core: registered rtc_cmos as rtc0
[    1.144122] rtc_cmos rtc_cmos: alarms up to one day, 114 bytes nvram
[    1.145408] i2c /dev entries driver
[    1.146177] device-mapper: uevent: version 1.0.3
[    1.147121] device-mapper: ioctl: 4.37.0-ioctl (2017-09-20) initialised: dm-devel@redhat.com
[    1.148826] ledtrig-cpu: registered to indicate activity on CPUs
[    1.150106] intel_pmc_core:  initialized
[    1.150995] NET: Registered protocol family 10
[    1.205614] Segment Routing with IPv6
[    1.207015] NET: Registered protocol family 17
[    1.208564] Key type dns_resolver registered
[    1.209777] mce: Using 0 MCE banks
[    1.210667] RAS: Correctable Errors collector initialized.
[    1.211981] sched_clock: Marking stable (1208478175, 0)->(1826105392, -617627217)
[    1.213940] registered taskstats version 1
[    1.215282] Loading compiled-in X.509 certificates
[    1.217887] Loaded X.509 cert 'Build time autogenerated kernel key: 408b96eb428cbe545a63e9a677d083d5c6df802b'
[    1.220302] Loaded X.509 cert 'Canonical Ltd. Live Patch Signing: 14df34d1a87cf37625abec039ef2bf521249b969'
[    1.222705] Loaded X.509 cert 'Canonical Ltd. Kernel Module Signing: 88f752e560a1e0737e31163a466ad7b70a850c19'
[    1.224925] blacklist: Loading compiled-in revocation X.509 certificates
[    1.226280] Loaded X.509 cert 'Canonical Ltd. Secure Boot Signing: 61482aa2830d0ab2ad5af10b7250da9033ddcef0'
[    1.228277] zswap: loaded using pool lzo/zbud
[    1.231100] Key type big_key registered
[    1.231943] Key type trusted registered
[    1.233859] Key type encrypted registered
[    1.234738] AppArmor: AppArmor sha1 policy hashing enabled
[    1.235832] ima: No TPM chip found, activating TPM-bypass! (rc=-19)
[    1.237159] ima: Allocated hash algorithm: sha1
[    1.238105] evm: HMAC attrs: 0x1
[    1.239082]   Magic number: 6:518:839
[    1.239876] rtc_cmos rtc_cmos: setting system clock to 2022-01-17 14:50:39 UTC (1642431039)
[    1.241599] BIOS EDD facility v0.16 2004-Jun-25, 0 devices found
[    1.242794] EDD information not available.
[    1.323001] Freeing unused kernel image memory: 2448K
[    1.332880] Write protecting the kernel read-only data: 20480k
[    1.338147] Freeing unused kernel image memory: 2008K
[    1.341114] Freeing unused kernel image memory: 1824K
[    1.349227] x86/mm: Checked W+X mappings: passed, no W+X pages found.
[    1.351261] x86/mm: Checking user space page tables
[    1.359104] x86/mm: Checked W+X mappings: passed, no W+X pages found.
Loading, please wait...
starting version 237
[    1.553724] e1000: Intel(R) PRO/1000 Network Driver - version 7.3.21-k8-NAPI
[    1.555489] e1000: Copyright (c) 1999-2006 Intel Corporation.
[    1.560079] Fusion MPT base driver 3.04.20
[    1.561293] Copyright (c) 1999-2008 LSI Corporation
[    1.634933] AVX2 version of gcm_enc/dec engaged.
[    1.636375] AES CTR mode by8 optimization enabled
[    1.639304] Fusion MPT SPI Host driver 3.04.20
[    1.655208] vboxvideo: loading out-of-tree module taints kernel.
[    1.661040] vboxvideo: module verification failed: signature and/or required key missing - tainting kernel
[    1.735749] vboxvideo: loading version 6.1.30 r148432
[    1.830602] input: ImExPS/2 Generic Explorer Mouse as /devices/platform/i8042/serio1/input/input4
[    2.502282] e1000 0000:00:03.0 eth0: (PCI:33MHz:32-bit) 02:77:80:ca:b7:e6
[    2.571085] e1000 0000:00:03.0 eth0: Intel(R) PRO/1000 Network Connection
[    2.573195] mptbase: ioc0: Initiating bringup
[    2.669145] ioc0: LSI53C1030 A0: Capabilities={Initiator}
[    2.915869] scsi host2: ioc0: LSI53C1030 A0, FwRev=00000000h, Ports=1, MaxQ=256, IRQ=20
[    3.085023] scsi 2:0:0:0: Direct-Access     VBOX     HARDDISK         1.0  PQ: 0 ANSI: 5
[    3.087037] scsi target2:0:0: Beginning Domain Validation
[    3.089113] [drm] VRAM 01000000
[    3.091126] [TTM] Zone  kernel: Available graphics memory: 246318 kiB
[    3.092666] [TTM] Initializing pool allocator
[    3.094249] scsi target2:0:0: Domain Validation skipping write tests
[    3.096138] scsi target2:0:0: Ending Domain Validation
[    3.097377] [TTM] Initializing DMA pool allocator
[    3.099702] scsi target2:0:0: asynchronous
[    3.100749] fbcon: vboxdrmfb (fb0) is primary device
[    3.102145] Console: switching to colour frame buffer device 100x37
[    3.105920] vboxvideo 0000:00:02.0: fb0: vboxdrmfb frame buffer device
[    3.107335] scsi 2:0:1:0: Direct-Access     VBOX     HARDDISK         1.0  PQ: 0 ANSI: 5
[    3.109176] scsi target2:0:1: Beginning Domain Validation
[    3.110276] [drm] Initialized vboxvideo 1.0.0 20130823 for 0000:00:02.0 on minor 0
[    3.111882] random: fast init done
[    3.113704] scsi target2:0:1: Domain Validation skipping write tests
[    3.114866] scsi target2:0:1: Ending Domain Validation
[    3.115985] scsi target2:0:1: asynchronous
[    3.117698] random: systemd-udevd: uninitialized urandom read (16 bytes read)
[    3.118964] random: systemd-udevd: uninitialized urandom read (16 bytes read)
[    3.120621] random: systemd-udevd: uninitialized urandom read (16 bytes read)
[    3.124654] sd 2:0:0:0: Attached scsi generic sg0 type 0
[    3.125776] sd 2:0:0:0: [sda] 83886080 512-byte logical blocks: (42.9 GB/40.0 GiB)
[    3.127540] sd 2:0:0:0: [sda] Write Protect is off
[    3.128835] sd 2:0:1:0: Attached scsi generic sg1 type 0
[    3.129989] sd 2:0:1:0: [sdb] 20480 512-byte logical blocks: (10.5 MB/10.0 MiB)
[    3.131817] sd 2:0:1:0: [sdb] Write Protect is off
[    3.133058] sd 2:0:0:0: [sda] Incomplete mode parameter data
[    3.134209] sd 2:0:0:0: [sda] Assuming drive cache: write through
[    3.179179] sd 2:0:1:0: [sdb] Incomplete mode parameter data
[    3.181982] sd 2:0:1:0: [sdb] Assuming drive cache: write through
[    3.187930]  sda: sda1
[    3.188772] sd 2:0:1:0: [sdb] Attached SCSI disk
[    3.190425] sd 2:0:0:0: [sda] Attached SCSI disk
[    3.966735] e1000 0000:00:08.0 eth1: (PCI:33MHz:32-bit) 08:00:27:f7:22:e3
[    3.968843] e1000 0000:00:08.0 eth1: Intel(R) PRO/1000 Network Connection
[    3.971424] e1000 0000:00:08.0 enp0s8: renamed from eth1
[    3.974225] e1000 0000:00:03.0 enp0s3: renamed from eth0
Begin: Loading essential drivers ... [    4.207293] raid6: sse2x1   gen()  9453 MB/s
[    4.309230] raid6: sse2x1   xor() 12107 MB/s
[    4.409861] raid6: sse2x2   gen() 13600 MB/s
[    4.514980] raid6: sse2x2   xor() 12910 MB/s
[    4.620928] raid6: sse2x4   gen() 15877 MB/s
[    4.722896] raid6: sse2x4   xor() 11839 MB/s
[    4.827165] raid6: avx2x1   gen() 27302 MB/s
[    4.876275] raid6: avx2x1   xor() 16950 MB/s
[    4.980256] raid6: avx2x2   gen() 24973 MB/s
[    5.080842] raid6: avx2x2   xor() 17547 MB/s
[    5.138199] raid6: avx2x4   gen()  3433 MB/s
[    5.242703] raid6: avx2x4   xor() 21622 MB/s
[    5.244380] raid6: using algorithm avx2x1 gen() 27302 MB/s
[    5.246427] raid6: .... xor() 16950 MB/s, rmw enabled
[    5.247948] raid6: using avx2x2 recovery algorithm
[    5.251093] xor: automatically using best checksumming function   avx       
[    5.254727] async_tx: api initialized (async)
done.
Begin: Running /scripts/init-premount ... done.
Begin: Mounting root file system ... Begin: Running /scripts/local-top ... done.
Begin: Running /scripts/local-premount ... [    5.360624] Btrfs loaded, crc32c=crc32c-intel
Scanning for Btrfs filesystems
done.
Begin: Will now check root file system ... fsck from util-linux 2.31.1
[/sbin/fsck.ext4 (1) -- /dev/sda1] fsck.ext4 -a -C0 /dev/sda1 
cloudimg-rootfs: clean, 112517/5120000 files, 820689/10485499 blocks
done.
[    5.449501] EXT4-fs (sda1): mounted filesystem with ordered data mode. Opts: (null)
done.
Begin: Running /scripts/local-bottom ... done.
Begin: Running /scripts/init-bottom ... done.
[    5.609719] ip_tables: (C) 2000-2006 Netfilter Core Team
[    5.617121] systemd[1]: systemd 237 running in system mode. (+PAM +AUDIT +SELINUX +IMA +APPARMOR +SMACK +SYSVINIT +UTMP +LIBCRYPTSETUP +GCRYPT +GNUTLS +ACL +XZ +LZ4 +SECCOMP +BLKID +ELFUTILS +KMOD -IDN2 +IDN -PCRE2 default-hierarchy=hybrid)
[    5.621552] systemd[1]: Detected virtualization oracle.
[    5.622710] systemd[1]: Detected architecture x86-64.

Welcome to [1mUbuntu 18.04.6 LTS[0m!

[    5.637976] systemd[1]: Set hostname to <ubuntu-bionic>.
[    5.922250] systemd[1]: Reached target Swap.
[[0;32m  OK  [0m] Reached target Swap.
[    5.924185] systemd[1]: Started Forward Password Requests to Wall Directory Watch.
[[0;32m  OK  [0m] Started Forward Password Requests to Wall Directory Watch.
[    5.927360] systemd[1]: Created slice System Slice.
[[0;32m  OK  [0m] Created slice System Slice.
[    5.929634] systemd[1]: Listening on Journal Socket (/dev/log).
[[0;32m  OK  [0m] Listening on Journal Socket (/dev/log).
[    5.932039] systemd[1]: Listening on Journal Socket.
[[0;32m  OK  [0m] Listening on Journal Socket.
[    5.934583] systemd[1]: Mounting Kernel Debug File System...
         Mounting Kernel Debug File System...
         Mounting Huge Pages File System...
[[0;32m  OK  [0m] Listening on LVM2 poll daemon socket.
         Starting Create list of required stâ€¦ce nodes for the current kernel...
[[0;32m  OK  [0m] Listening on fsck to fsckd communication Socket.
[[0;32m  OK  [0m] Listening on udev Kernel Socket.
         Starting Set the console keyboard layout...
[[0;32m  OK  [0m] Listening on Device-mapper event daemon FIFOs.
[[0;32m  OK  [0m] Set up automount Arbitrary Executabâ€¦rmats File System Automount Point.
[[0;32m  OK  [0m] Created slice User and Session Slice.
[[0;32m  OK  [0m] Reached target Slices.
         Starting Load Kernel Modules...
[[0;32m  OK  [0m] Listening on Syslog Socket.
[[0;32m  OK  [0m] Reached target System Time Synchronized.
[[0;32m  OK  [0m] Reached target User and Group Name Lookups.
[[0;32m  OK  [0m] Created slice system-serial\x2dgetty.slice.
[[0;32m  OK  [0m] Listening on udev Control Socket.
[[0;32m  OK  [0m] Listening on LVM2 metadata daemon socket.
         Starting Monitoring of LVM2 mirrorsâ€¦ng dmeventd or progress polling...
[[0;32m  OK  [0m] Listening on /dev/initctl Compatibility Named Pipe.
[[0;32m  OK  [0m] Listening on Network Service Netlink Socket.[    6.016527] Loading iSCSI transport class v2.0-870.

         Mounting POSIX Message Queue File System...
         Starting udev Coldplug all Devices...
         Starting Uncomplicated firewall...
         Starting Remount Root and Kernel File Systems...
[[0;32m  OK  [0m] Listening on Journal Audit Socket.
         Starting Journal Service...
[[0;32m  OK  [0m] Mounted Kernel Debug File System.
[[0;32m  OK  [0m] Mounted Huge Pages File System.
[[0;32m  OK  [0m] Started Create list of required staâ€¦vice nodes for the current kernel.
         Starting Create Static Device Nodes in /dev...
[[0;32m  OK  [0m] Mounted POSIX Message Queue File System.
[[0;32m  OK  [0m] Started LVM2 metadata daemon.
[    6.171967] iscsi: registered transport (tcp)
[[0;32m  OK  [0m] Started Uncomplicated firewall.
[[0;32m  OK  [0m] Started udev Coldplug all Devices.
[[0;32m  OK  [0m] Started Journal Service.
[    6.295055] iscsi: registered transport (iser)
[[0;32m  OK  [0m] Started Load Kernel Modules.
         Starting Apply Kernel Variables...
         Mounting FUSE Control File System...
         Mounting Kernel Configuration File System...
[[0;32m  OK  [0m] Mounted FUSE Control File System.
[    6.311950] EXT4-fs (sda1): re-mounted. Opts: (null)
[[0;32m  OK  [0m] Mounted Kernel Configuration File System.
[[0;32m  OK  [0m] Started Remount Root and Kernel File Systems.
         Starting Flush Journal to Persistent Storage...
         Starting Load/Save Random Seed...
[    6.385717] random: crng init done
[    6.386561] random: 7 urandom warning(s) missed due to ratelimiting
[[0;32m  OK  [0m] Started Monitoring of LVM2 mirrors,â€¦sing dmeventd or progress polling.
[[0;32m  OK  [0m] Started Set the console keyboard layout.
[[0;32m  OK  [0m] Started Apply Kernel Variables.
[[0;32m  OK  [0m] Started Load/Save Random Seed.
[[0;32m  OK  [0m] Started Create Static Device Nodes in /dev.
[[0;32m  OK  [0m] Reached target Local File Systems (Pre).
[[0;32m  OK  [0m] Reached target Local File Systems.
         Starting netfilter persistent configuration...
         Starting Set console font and keymap...
         Starting ebtables ruleset management...
         Starting Tell Plymouth To Write Out Runtime Data...
         Starting AppArmor initialization...
         Starting udev Kernel Device Manager...
[[0;32m  OK  [0m] Started Flush Journal to Persistent Storage.
         Starting Create Volatile Files and Directories...
[[0;32m  OK  [0m] Started Set console font and keymap.
[[0;32m  OK  [0m] Started Tell Plymouth To Write Out Runtime Data.
[[0;32m  OK  [0m] Started Create Volatile Files and Directories.
         Starting Update UTMP about System Boot/Shutdown...
[[0;32m  OK  [0m] Started udev Kernel Device Manager.
[[0;32m  OK  [0m] Started Dispatch Password Requests to Console Directory Watch.
[[0;32m  OK  [0m] Reached target Local Encrypted Volumes.
[[0;32m  OK  [0m] Started Update UTMP about System Boot/Shutdown.
[[0;32m  OK  [0m] Started ebtables ruleset management.
[[0;32m  OK  [0m] Started netfilter persistent configuration.
[[0;32m  OK  [0m] Started AppArmor initialization.
         Starting Initial cloud-init job (pre-networking)...
         Starting Load AppArmor profiles managed internally by snapd...
[[0;32m  OK  [0m] Started Load AppArmor profiles managed internally by snapd.
[[0;32m  OK  [0m] Found device /dev/ttyS0.
[[0;32m  OK  [0m] Listening on Load/Save RF Kill Switch Status /dev/rfkill Watch.
[    9.561426] cloud-init[538]: Cloud-init v. 21.4-0ubuntu1~18.04.1 running 'init-local' at Mon, 17 Jan 2022 14:50:47 +0000. Up 9.26 seconds.
[[0;32m  OK  [0m] Started Initial cloud-init job (pre-networking).
[[0;32m  OK  [0m] Reached target Network (Pre).
         Starting Network Service...
[[0;32m  OK  [0m] Started Network Service.
         Starting Network Name Resolution...
         Starting Wait for Network to be Configured...
[[0;32m  OK  [0m] Started Network Name Resolution.
[[0;32m  OK  [0m] Reached target Host and Network Name Lookups.
[[0;32m  OK  [0m] Reached target Network.
[[0;32m  OK  [0m] Started Wait for Network to be Configured.
         Starting Initial cloud-init job (metadata service crawler)...
[   12.468965] cloud-init[697]: Cloud-init v. 21.4-0ubuntu1~18.04.1 running 'init' at Mon, 17 Jan 2022 14:50:50 +0000. Up 12.24 seconds.
[   12.472946] cloud-init[697]: ci-info: ++++++++++++++++++++++++++++++++++++++Net device info+++++++++++++++++++++++++++++++++++++++
[   12.476410] cloud-init[697]: ci-info: +--------+-------+----------------------------+---------------+--------+-------------------+
[   12.479617] cloud-init[697]: ci-info: | Device |   Up  |          Address           |      Mask     | Scope  |     Hw-Address    |
[   12.537811] cloud-init[697]: ci-info: +--------+-------+----------------------------+---------------+--------+-------------------+
[   12.539052] cloud-init[697]: ci-info: | enp0s3 |  True |       192.168.121.15       | 255.255.255.0 | global | 02:77:80:ca:b7:e6 |
[   12.548156] cloud-init[697]: ci-info: | enp0s3 |  True | fe80::77:80ff:feca:b7e6/64 |       .       |  link  | 02:77:80:ca:b7:e6 |
[   12.554644] cloud-init[697]: ci-info: | enp0s8 | False |             .              |       .       |   .    | 08:00:27:f7:22:e3 |
[   12.560186] cloud-init[697]: ci-info: |   lo   |  True |         127.0.0.1          |   255.0.0.0   |  host  |         .         |
[   12.567897] cloud-init[697]: ci-info: |   lo   |  True |          ::1/128           |       .       |  host  |         .         |
[   12.570255] cloud-init[697]: ci-info: +--------+-------+----------------------------+---------------+--------+-------------------+
[   12.572907] cloud-init[697]: ci-info: ++++++++++++++++++++++++++++++++Route IPv4 info++++++++++++++++++++++++++++++++
[   12.579237] cloud-init[697]: ci-info: +-------+---------------+---------------+-----------------+-----------+-------+
[   12.584568] cloud-init[697]: ci-info: | Route |  Destination  |    Gateway    |     Genmask     | Interface | Flags |
[   12.643145] cloud-init[697]: ci-info: +-------+---------------+---------------+-----------------+-----------+-------+
[   12.645091] cloud-init[697]: ci-info: |   0   |    0.0.0.0    | 192.168.121.2 |     0.0.0.0     |   enp0s3  |   UG  |
[   12.647336] cloud-init[697]: ci-info: |   1   | 192.168.121.0 |    0.0.0.0    |  255.255.255.0  |   enp0s3  |   U   |
[   12.649176] cloud-init[697]: ci-info: |   2   | 192.168.121.2 |    0.0.0.0    | 255.255.255.255 |   enp0s3  |   UH  |
[   12.651507] cloud-init[697]: ci-info: +-------+---------------+---------------+-----------------+-----------+-------+
[   12.653025] cloud-init[697]: ci-info: +++++++++++++++++++Route IPv6 info+++++++++++++++++++
[   12.654154] cloud-init[697]: ci-info: +-------+-------------+---------+-----------+-------+
[   12.668646] cloud-init[697]: ci-info: | Route | Destination | Gateway | Interface | Flags |
[   12.680409] cloud-init[697]: ci-info: +-------+-------------+---------+-----------+-------+
[   12.682143] cloud-init[697]: ci-info: |   1   |  fe80::/64  |    ::   |   enp0s3  |   U   |
[   12.684757] cloud-init[697]: ci-info: |   3   |   anycast   |    ::   |   enp0s3  |   U   |
[   12.688854] cloud-init[697]: ci-info: |   4   |    local    |    ::   |   enp0s3  |   U   |
[   12.691713] cloud-init[697]: ci-info: |   5   |   ff00::/8  |    ::   |   enp0s3  |   U   |
[   12.696093] cloud-init[697]: ci-info: +-------+-------------+---------+-----------+-------+
[[0;32m  OK  [0m] Started Initial cloud-init job (metadata service crawler).
[[0;32m  OK  [0m] Reached target Network is Online.
         Starting Availability of block devices...
[[0;32m  OK  [0m] Reached target Remote File Systems (Pre).
         Mounting /vagrant...
[[0;32m  OK  [0m] Reached target System Initialization.
         Starting LXD - unix socket.
[[0;32m  OK  [0m] Listening on D-Bus System Message Bus Socket.
[[0;32m  OK  [0m] Started Discard unused blocks once a week.
         Starting Socket activation for snappy daemon.
[[0;32m  OK  [0m] Listening on UUID daemon activation socket.
[[0;32m  OK  [0m] Started Ubuntu Advantage Timer for running repeated jobs.
[[0;32m  OK  [0m] Started Daily Cleanup of Temporary Directories.
[[0;32m  OK  [0m] Listening on Open-iSCSI iscsid Socket.
[[0;32m  OK  [0m] Started Trigger to poll for Ubuntu â€¦(Only enabled on GCP LTS non-pro).
[[0;32m  OK  [0m] Listening on cloud-init hotplug hook socket.
[[0;32m  OK  [0m] Started ACPI Events Check.
[[0;32m  OK  [0m] Reached target Paths.
[[0;32m  OK  [0m] Started Daily apt download activities.
[[0;32m  OK  [0m] Started Message of the Day.
[[0;32m  OK  [0m] Listening on ACPID Listen Socket.
[[0;32m  OK  [0m] Started Daily apt upgrade and clean activities.
[[0;32m  OK  [0m] Reached target Timers.
[[0;32m  OK  [0m] Reached target Cloud-config availability.
[[0;32m  OK  [0m] Started Availability of block devices.
[[0;1;31mFAILED[0m] Failed to mount /vagrant.
See 'systemctl status vagrant.mount' for details.
[[0;1;33mDEPEND[0m] Dependency failed for Remote File Systems.
[[0;32m  OK  [0m] Listening on LXD - unix socket.
[[0;32m  OK  [0m] Listening on Socket activation for snappy daemon.
[[0;32m  OK  [0m] Reached target Sockets.
[[0;32m  OK  [0m] Reached target Basic System.
         Starting Accounts Service...
         Starting OpenBSD Secure Shell server...
         Starting Dispatcher daemon for systemd-networkd...
         Starting LSB: Record successful boot for GRUB...
         Starting Login Service...
[[0;32m  OK  [0m] Started irqbalance daemon.
         Starting System Logging Service...
[[0;32m  OK  [0m] Started strongSwan IPsec IKEv1/IKEv2 daemon using ipsec.conf.
[[0;32m  OK  [0m] Started Deferred execution scheduler.
[[0;32m  OK  [0m] Started FUSE filesystem for LXC.
[[0;32m  OK  [0m] Started D-Bus System Message Bus.
[[0;32m  OK  [0m] Started Login Service.
         Starting vboxadd.service...
[[0;32m  OK  [0m] Started Regular background program processing daemon.
         Starting Snap Daemon...
[[0;32m  OK  [0m] Started Unattended Upgrades Shutdown.
         Starting LXD - container startup/shutdown...
         Starting Permit User Sessions...
         Starting LSB: automatic crash report generation...
[[0;32m  OK  [0m] Started System Logging Service.
[[0;32m  OK  [0m] Started OpenBSD Secure Shell server.
[[0;32m  OK  [0m] Started Permit User Sessions.
         Starting Terminate Plymouth Boot Screen...
         Starting Hold until boot process finishes up...
         Starting Authorization Manager...
[[0;32m  OK  [0m] Started Hold until boot process finishes up.
[[0;32m  OK  [0m] Started Serial Getty on ttyS0.
         Starting Set console scheme...
[[0;32m  OK  [0m] Started Terminate Plymouth Boot Screen.
[[0;32m  OK  [0m] Started Authorization Manager.
[[0;32m  OK  [0m] Started Set console scheme.
[[0;32m  OK  [0m] Started Accounts Service.
[[0;32m  OK  [0m] Created slice system-getty.slice.
[[0;32m  OK  [0m] Started Getty on tty1.
[[0;32m  OK  [0m] Reached target Login Prompts.
[[0;32m  OK  [0m] Started LSB: Record successful boot for GRUB.
[[0;32m  OK  [0m] Started LSB: automatic crash report generation.
[[0;32m  OK  [0m] Created slice User Slice of vagrant.
[[0;32m  OK  [0m] Started LXD - container startup/shutdown.
         Starting User Manager for UID 1000...
[[0;32m  OK  [0m] Started Session 1 of user vagrant.
[[0;32m  OK  [0m] Started Dispatcher daemon for systemd-networkd.
[[0;32m  OK  [0m] Started User Manager for UID 1000.
[[0;32m  OK  [0m] Started Snap Daemon.
         Starting Wait until snapd is fully seeded...
[[0;32m  OK  [0m] Started Wait until snapd is fully seeded.
         Starting Apply the settings specified in cloud-config...
[[0;32m  OK  [0m] Started vboxadd.service.
         Starting vboxadd-service.service...
[[0;32m  OK  [0m] Started vboxadd-service.service.
[[0;32m  OK  [0m] Reached target Multi-User System.
[[0;32m  OK  [0m] Reached target Graphical Interface.
         Starting Update UTMP about System Runlevel Changes...
[[0;32m  OK  [0m] Started Update UTMP about System Runlevel Changes.
[   18.520796] cloud-init[1255]: Cloud-init v. 21.4-0ubuntu1~18.04.1 running 'modules:config' at Mon, 17 Jan 2022 14:50:56 +0000. Up 18.11 seconds.
[[0;32m  OK  [0m] Started Apply the settings specified in cloud-config.
         Starting Execute cloud user/final scripts...
[   19.479413] cloud-init[1478]: Cloud-init v. 21.4-0ubuntu1~18.04.1 running 'modules:final' at Mon, 17 Jan 2022 14:50:57 +0000. Up 19.34 seconds.
[   19.479740] cloud-init[1478]: Cloud-init v. 21.4-0ubuntu1~18.04.1 finished at Mon, 17 Jan 2022 14:50:57 +0000. Datasource DataSourceNoCloud [seed=/dev/sdb][dsmode=net].  Up 19.46 seconds

Ubuntu 18.04.6 LTS ubuntu-bionic ttyS0

ubuntu-bionic login: 