[    0.000000] Linux version 4.15.0-166-generic (buildd@lgw01-amd64-012) (gcc version 7.5.0 (Ubuntu 7.5.0-3ubuntu1~18.04)) #174-Ubuntu SMP Wed Dec 8 19:07:44 UTC 2021 (Ubuntu 4.15.0-166.174-generic 4.15.18)
[    0.000000] Command line: BOOT_IMAGE=/boot/vmlinuz-4.15.0-166-generic root=UUID=1d1d94ce-dc00-4121-a7d7-f8ecb5a32c06 ro console=tty1 console=ttyS0
[    0.000000] KERNEL supported cpus:
[    0.000000]   Intel GenuineIntel
[    0.000000]   AMD AuthenticAMD
[    0.000000]   Centaur CentaurHauls
[    0.000000] x86/fpu: Supporting XSAVE feature 0x001: 'x87 floating point registers'
[    0.000000] x86/fpu: Supporting XSAVE feature 0x002: 'SSE registers'
[    0.000000] x86/fpu: Supporting XSAVE feature 0x004: 'AVX registers'
[    0.000000] x86/fpu: xstate_offset[2]:  576, xstate_sizes[2]:  256
[    0.000000] x86/fpu: Enabled xstate features 0x7, context size is 832 bytes, using 'standard' format.
[    0.000000] e820: BIOS-provided physical RAM map:
[    0.000000] BIOS-e820: [mem 0x0000000000000000-0x000000000009fbff] usable
[    0.000000] BIOS-e820: [mem 0x000000000009fc00-0x000000000009ffff] reserved
[    0.000000] BIOS-e820: [mem 0x00000000000f0000-0x00000000000fffff] reserved
[    0.000000] BIOS-e820: [mem 0x0000000000100000-0x000000001ffeffff] usable
[    0.000000] BIOS-e820: [mem 0x000000001fff0000-0x000000001fffffff] ACPI data
[    0.000000] BIOS-e820: [mem 0x00000000fec00000-0x00000000fec00fff] reserved
[    0.000000] BIOS-e820: [mem 0x00000000fee00000-0x00000000fee00fff] reserved
[    0.000000] BIOS-e820: [mem 0x00000000fffc0000-0x00000000ffffffff] reserved
[    0.000000] NX (Execute Disable) protection: active
[    0.000000] SMBIOS 2.5 present.
[    0.000000] DMI: innotek GmbH VirtualBox/VirtualBox, BIOS VirtualBox 12/01/2006
[    0.000000] Hypervisor detected: KVM
[    0.000000] e820: last_pfn = 0x1fff0 max_arch_pfn = 0x400000000
[    0.000000] MTRR: Disabled
[    0.000000] x86/PAT: MTRRs disabled, skipping PAT initialization too.
[    0.000000] CPU MTRRs all blank - virtualized system.
[    0.000000] x86/PAT: Configuration [0-7]: WB  WT  UC- UC  WB  WT  UC- UC  
[    0.000000] found SMP MP-table at [mem 0x0009fff0-0x0009ffff]
[    0.000000] Scanning 1 areas for low memory corruption
[    0.000000] RAMDISK: [mem 0x1d9b2000-0x1eda0fff]
[    0.000000] ACPI: Early table checksum verification disabled
[    0.000000] ACPI: RSDP 0x00000000000E0000 000024 (v02 VBOX  )
[    0.000000] ACPI: XSDT 0x000000001FFF0030 00003C (v01 VBOX   VBOXXSDT 00000001 ASL  00000061)
[    0.000000] ACPI: FACP 0x000000001FFF00F0 0000F4 (v04 VBOX   VBOXFACP 00000001 ASL  00000061)
[    0.000000] ACPI: DSDT 0x000000001FFF0470 002325 (v02 VBOX   VBOXBIOS 00000002 INTL 20120111)
[    0.000000] ACPI: FACS 0x000000001FFF0200 000040
[    0.000000] ACPI: FACS 0x000000001FFF0200 000040
[    0.000000] ACPI: APIC 0x000000001FFF0240 000054 (v02 VBOX   VBOXAPIC 00000001 ASL  00000061)
[    0.000000] ACPI: SSDT 0x000000001FFF02A0 0001CC (v01 VBOX   VBOXCPUT 00000002 INTL 20120111)
[    0.000000] ACPI: Reserving FACP table memory at [mem 0x1fff00f0-0x1fff01e3]
[    0.000000] ACPI: Reserving DSDT table memory at [mem 0x1fff0470-0x1fff2794]
[    0.000000] ACPI: Reserving FACS table memory at [mem 0x1fff0200-0x1fff023f]
[    0.000000] ACPI: Reserving FACS table memory at [mem 0x1fff0200-0x1fff023f]
[    0.000000] ACPI: Reserving APIC table memory at [mem 0x1fff0240-0x1fff0293]
[    0.000000] ACPI: Reserving SSDT table memory at [mem 0x1fff02a0-0x1fff046b]
[    0.000000] No NUMA configuration found
[    0.000000] Faking a node at [mem 0x0000000000000000-0x000000001ffeffff]
[    0.000000] NODE_DATA(0) allocated [mem 0x1ffc5000-0x1ffeffff]
[    0.000000] kvm-clock: cpu 0, msr 0:1ff44001, primary cpu clock
[    0.000000] kvm-clock: Using msrs 4b564d01 and 4b564d00
[    0.000000] kvm-clock: using sched offset of 5056974239 cycles
[    0.000000] clocksource: kvm-clock: mask: 0xffffffffffffffff max_cycles: 0x1cd42e4dffb, max_idle_ns: 881590591483 ns
[    0.000000] Zone ranges:
[    0.000000]   DMA      [mem 0x0000000000001000-0x0000000000ffffff]
[    0.000000]   DMA32    [mem 0x0000000001000000-0x000000001ffeffff]
[    0.000000]   Normal   empty
[    0.000000]   Device   empty
[    0.000000] Movable zone start for each node
[    0.000000] Early memory node ranges
[    0.000000]   node   0: [mem 0x0000000000001000-0x000000000009efff]
[    0.000000]   node   0: [mem 0x0000000000100000-0x000000001ffeffff]
[    0.000000] Reserved but unavailable: 104 pages
[    0.000000] Initmem setup node 0 [mem 0x0000000000001000-0x000000001ffeffff]
[    0.000000] ACPI: PM-Timer IO Port: 0x4008
[    0.000000] IOAPIC[0]: apic_id 1, version 32, address 0xfec00000, GSI 0-23
[    0.000000] ACPI: INT_SRC_OVR (bus 0 bus_irq 0 global_irq 2 dfl dfl)
[    0.000000] ACPI: INT_SRC_OVR (bus 0 bus_irq 9 global_irq 9 low level)
[    0.000000] Using ACPI (MADT) for SMP configuration information
[    0.000000] smpboot: Allowing 1 CPUs, 0 hotplug CPUs
[    0.000000] PM: Registered nosave memory: [mem 0x00000000-0x00000fff]
[    0.000000] PM: Registered nosave memory: [mem 0x0009f000-0x0009ffff]
[    0.000000] PM: Registered nosave memory: [mem 0x000a0000-0x000effff]
[    0.000000] PM: Registered nosave memory: [mem 0x000f0000-0x000fffff]
[    0.000000] e820: [mem 0x20000000-0xfebfffff] available for PCI devices
[    0.000000] Booting paravirtualized kernel on KVM
[    0.000000] clocksource: refined-jiffies: mask: 0xffffffff max_cycles: 0xffffffff, max_idle_ns: 7645519600211568 ns
[    0.000000] random: get_random_bytes called from start_kernel+0x99/0x500 with crng_init=0
[    0.000000] setup_percpu: NR_CPUS:8192 nr_cpumask_bits:1 nr_cpu_ids:1 nr_node_ids:1
[    0.000000] percpu: Embedded 45 pages/cpu s147456 r8192 d28672 u2097152
[    0.000000] PV qspinlock hash table entries: 256 (order: 0, 4096 bytes)
[    0.000000] Built 1 zonelists, mobility grouping on.  Total pages: 128889
[    0.000000] Policy zone: DMA32
[    0.000000] Kernel command line: BOOT_IMAGE=/boot/vmlinuz-4.15.0-166-generic root=UUID=1d1d94ce-dc00-4121-a7d7-f8ecb5a32c06 ro console=tty1 console=ttyS0
[    0.000000] Memory: 465908K/523832K available (12300K kernel code, 2483K rwdata, 4320K rodata, 2448K init, 2724K bss, 57924K reserved, 0K cma-reserved)
[    0.000000] SLUB: HWalign=64, Order=0-3, MinObjects=0, CPUs=1, Nodes=1
[    0.000000] Kernel/User page tables isolation: enabled
[    0.000000] ftrace: allocating 39491 entries in 155 pages
[    0.004000] Hierarchical RCU implementation.
[    0.004000] 	RCU restricting CPUs from NR_CPUS=8192 to nr_cpu_ids=1.
[    0.004000] 	Tasks RCU enabled.
[    0.004000] RCU: Adjusting geometry for rcu_fanout_leaf=16, nr_cpu_ids=1
[    0.004000] NR_IRQS: 524544, nr_irqs: 256, preallocated irqs: 16
[    0.004000] Console: colour VGA+ 80x25
[    0.004000] console [tty1] enabled
[    0.004000] console [ttyS0] enabled
[    0.004000] ACPI: Core revision 20170831
[    0.004000] ACPI: 2 ACPI AML tables successfully acquired and loaded
[    0.004000] APIC: Switch to symmetric I/O mode setup
[    0.004000] x2apic enabled
[    0.004000] Switched APIC routing to physical x2apic.
[    0.004000] ..TIMER: vector=0x30 apic1=0 pin1=2 apic2=-1 pin2=-1
[    0.004004] tsc: Detected 1703.999 MHz processor
[    0.004949] Calibrating delay loop (skipped) preset value.. 3407.99 BogoMIPS (lpj=6815996)
[    0.005677] pid_max: default: 32768 minimum: 301
[    0.008023] Security Framework initialized
[    0.008826] Yama: becoming mindful.
[    0.009563] AppArmor: AppArmor initialized
[    0.010441] Dentry cache hash table entries: 65536 (order: 7, 524288 bytes)
[    0.012032] Inode-cache hash table entries: 32768 (order: 6, 262144 bytes)
[    0.013340] Mount-cache hash table entries: 1024 (order: 1, 8192 bytes)
[    0.014623] Mountpoint-cache hash table entries: 1024 (order: 1, 8192 bytes)
[    0.016204] process: using mwait in idle threads
[    0.020013] Last level iTLB entries: 4KB 64, 2MB 8, 4MB 8
[    0.024001] Last level dTLB entries: 4KB 64, 2MB 0, 4MB 0, 1GB 4
[    0.025487] Spectre V1 : Mitigation: usercopy/swapgs barriers and __user pointer sanitization
[    0.028002] Spectre V2 : Mitigation: Full generic retpoline
[    0.029316] Spectre V2 : Spectre v2 / SpectreRSB mitigation: Filling RSB on context switch
[    0.031167] Speculative Store Bypass: Vulnerable
[    0.032038] SRBDS: Unknown: Dependent on hypervisor status
[    0.033389] MDS: Mitigation: Clear CPU buffers
[    0.046534] Freeing SMP alternatives memory: 36K
[    0.117338] smpboot: CPU0: Intel(R) Core(TM) i7-8557U CPU @ 1.70GHz (family: 0x6, model: 0x8e, stepping: 0xa)
[    0.119774] Performance Events: unsupported p6 CPU model 142 no PMU driver, software events only.
[    0.120000] Hierarchical SRCU implementation.
[    0.120799] NMI watchdog: Perf event create on CPU 0 failed with -2
[    0.122298] NMI watchdog: Perf NMI watchdog permanently disabled
[    0.124031] smp: Bringing up secondary CPUs ...
[    0.125029] smp: Brought up 1 node, 1 CPU
[    0.125922] smpboot: Max logical packages: 1
[    0.126732] smpboot: Total of 1 processors activated (3407.99 BogoMIPS)
[    0.128097] devtmpfs: initialized
[    0.128793] x86/mm: Memory block size: 128MB
[    0.129732] evm: security.selinux
[    0.130382] evm: security.SMACK64
[    0.131040] evm: security.SMACK64EXEC
[    0.132003] evm: security.SMACK64TRANSMUTE
[    0.132785] evm: security.SMACK64MMAP
[    0.136018] evm: security.apparmor
[    0.137140] evm: security.ima
[    0.140003] evm: security.capability
[    0.141254] clocksource: jiffies: mask: 0xffffffff max_cycles: 0xffffffff, max_idle_ns: 7645041785100000 ns
[    0.144012] futex hash table entries: 256 (order: 2, 16384 bytes)
[    0.145807] pinctrl core: initialized pinctrl subsystem
[    0.148076] RTC time: 16:46:09, date: 01/19/22
[    0.149231] NET: Registered protocol family 16
[    0.150405] audit: initializing netlink subsys (disabled)
[    0.151787] cpuidle: using governor ladder
[    0.152002] cpuidle: using governor menu
[    0.152995] ACPI: bus type PCI registered
[    0.153975] acpiphp: ACPI Hot Plug PCI Controller Driver version: 0.5
[    0.156004] audit: type=2000 audit(1642610775.764:1): state=initialized audit_enabled=0 res=1
[    0.157965] PCI: Using configuration type 1 for base access
[    0.160252] HugeTLB registered 2.00 MiB page size, pre-allocated 0 pages
[    0.162091] ACPI: Added _OSI(Module Device)
[    0.162967] ACPI: Added _OSI(Processor Device)
[    0.163878] ACPI: Added _OSI(3.0 _SCP Extensions)
[    0.164003] ACPI: Added _OSI(Processor Aggregator Device)
[    0.165093] ACPI: Added _OSI(Linux-Dell-Video)
[    0.166001] ACPI: Added _OSI(Linux-Lenovo-NV-HDMI-Audio)
[    0.168011] ACPI: Added _OSI(Linux-HPI-Hybrid-Graphics)
[    0.169859] ACPI: Executed 1 blocks of module-level executable AML code
[    0.173678] ACPI: Interpreter enabled
[    0.174457] ACPI: (supports S0 S5)
[    0.175182] ACPI: Using IOAPIC for interrupt routing
[    0.176150] PCI: Using host bridge windows from ACPI; if necessary, use "pci=nocrs" and report a bug
[    0.178580] ACPI: Enabled 2 GPEs in block 00 to 07
[    0.185179] ACPI: PCI Root Bridge [PCI0] (domain 0000 [bus 00-ff])
[    0.188031] acpi PNP0A03:00: _OSC: OS supports [ASPM ClockPM Segments MSI]
[    0.192777] acpi PNP0A03:00: _OSC: not requesting OS control; OS requires [ExtendedConfig ASPM ClockPM MSI]
[    0.196016] acpi PNP0A03:00: fail to add MMCONFIG information, can't access extended PCI configuration space under this bridge.
[    0.204660] PCI host bridge to bus 0000:00
[    0.206159] pci_bus 0000:00: root bus resource [io  0x0000-0x0cf7 window]
[    0.208000] pci_bus 0000:00: root bus resource [io  0x0d00-0xffff window]
[    0.208003] pci_bus 0000:00: root bus resource [mem 0x000a0000-0x000bffff window]
[    0.210313] pci_bus 0000:00: root bus resource [mem 0x20000000-0xfdffffff window]
[    0.212003] pci_bus 0000:00: root bus resource [bus 00-ff]
[    0.218310] pci 0000:00:01.1: legacy IDE quirk: reg 0x10: [io  0x01f0-0x01f7]
[    0.220000] pci 0000:00:01.1: legacy IDE quirk: reg 0x14: [io  0x03f6]
[    0.220002] pci 0000:00:01.1: legacy IDE quirk: reg 0x18: [io  0x0170-0x0177]
[    0.221387] pci 0000:00:01.1: legacy IDE quirk: reg 0x1c: [io  0x0376]
[    0.233322] pci 0000:00:07.0: quirk: [io  0x4000-0x403f] claimed by PIIX4 ACPI
[    0.235226] pci 0000:00:07.0: quirk: [io  0x4100-0x410f] claimed by PIIX4 SMB
[    0.271020] ACPI: PCI Interrupt Link [LNKA] (IRQs 5 9 10 *11)
[    0.272368] ACPI: PCI Interrupt Link [LNKB] (IRQs 5 9 *10 11)
[    0.274151] ACPI: PCI Interrupt Link [LNKC] (IRQs 5 *9 10 11)
[    0.276141] ACPI: PCI Interrupt Link [LNKD] (IRQs 5 9 10 *11)
[    0.277854] SCSI subsystem initialized
[    0.278909] pci 0000:00:02.0: vgaarb: setting as boot VGA device
[    0.280000] pci 0000:00:02.0: vgaarb: VGA device added: decodes=io+mem,owns=io+mem,locks=none
[    0.280004] pci 0000:00:02.0: vgaarb: bridge control possible
[    0.284001] vgaarb: loaded
[    0.284795] ACPI: bus type USB registered
[    0.285624] usbcore: registered new interface driver usbfs
[    0.286722] usbcore: registered new interface driver hub
[    0.288007] usbcore: registered new device driver usb
[    0.289049] EDAC MC: Ver: 3.0.0
[    0.290030] PCI: Using ACPI for IRQ routing
[    0.291205] NetLabel: Initializing
[    0.292002] NetLabel:  domain hash size = 128
[    0.292885] NetLabel:  protocols = UNLABELED CIPSOv4 CALIPSO
[    0.294422] NetLabel:  unlabeled traffic allowed by default
[    0.296085] clocksource: Switched to clocksource kvm-clock
[    0.306902] VFS: Disk quotas dquot_6.6.0
[    0.308192] VFS: Dquot-cache hash table entries: 512 (order 0, 4096 bytes)
[    0.309608] AppArmor: AppArmor Filesystem Enabled
[    0.310579] pnp: PnP ACPI init
[    0.312604] pnp: PnP ACPI: found 3 devices
[    0.372312] clocksource: acpi_pm: mask: 0xffffff max_cycles: 0xffffff, max_idle_ns: 2085701024 ns
[    0.376039] NET: Registered protocol family 2
[    0.377882] IP idents hash table entries: 8192 (order: 4, 65536 bytes)
[    0.380405] TCP established hash table entries: 4096 (order: 3, 32768 bytes)
[    0.382412] TCP bind hash table entries: 4096 (order: 4, 65536 bytes)
[    0.384211] TCP: Hash tables configured (established 4096 bind 4096)
[    0.385986] UDP hash table entries: 256 (order: 1, 8192 bytes)
[    0.387607] UDP-Lite hash table entries: 256 (order: 1, 8192 bytes)
[    0.389308] NET: Registered protocol family 1
[    0.390370] pci 0000:00:00.0: Limiting direct PCI/PCI transfers
[    0.391806] pci 0000:00:01.0: Activating ISA DMA hang workarounds
[    0.393365] pci 0000:00:02.0: Video device with shadowed ROM at [mem 0x000c0000-0x000dffff]
[    0.395463] Unpacking initramfs...
[    0.933304] Freeing initrd memory: 20412K
[    0.986180] clocksource: tsc: mask: 0xffffffffffffffff max_cycles: 0x188fe90467e, max_idle_ns: 440795283699 ns
[    0.989429] platform rtc_cmos: registered platform RTC device (no PNP device found)
[    0.991642] Scanning for low memory corruption every 60 seconds
[    0.994229] Initialise system trusted keyrings
[    0.995531] Key type blacklist registered
[    0.997041] workingset: timestamp_bits=36 max_order=17 bucket_order=0
[    0.999391] zbud: loaded
[    1.000678] squashfs: version 4.0 (2009/01/31) Phillip Lougher
[    1.002312] fuse init (API version 7.26)
[    1.004793] Key type asymmetric registered
[    1.005672] Asymmetric key parser 'x509' registered
[    1.006711] Block layer SCSI generic (bsg) driver version 0.4 loaded (major 246)
[    1.008312] io scheduler noop registered
[    1.009135] io scheduler deadline registered
[    1.010042] io scheduler cfq registered (default)
[    1.011502] ACPI: AC Adapter [AC] (off-line)
[    1.013073] input: Power Button as /devices/LNXSYSTM:00/LNXPWRBN:00/input/input0
[    1.014959] ACPI: Power Button [PWRF]
[    1.015849] input: Sleep Button as /devices/LNXSYSTM:00/LNXSLPBN:00/input/input1
[    1.017792] ACPI: Sleep Button [SLPF]
[    1.020458] ACPI: Battery Slot [BAT0] (battery present)
[    1.022114] Serial: 8250/16550 driver, 32 ports, IRQ sharing enabled
[    1.099904] 00:02: ttyS0 at I/O 0x3f8 (irq = 4, base_baud = 115200) is a 16550A
[    1.103593] Linux agpgart interface v0.103
[    1.105417] loop: module loaded
[    1.106653] scsi host0: ata_piix
[    1.107522] scsi host1: ata_piix
[    1.108385] ata1: PATA max UDMA/33 cmd 0x1f0 ctl 0x3f6 bmdma 0xd000 irq 14
[    1.110018] ata2: PATA max UDMA/33 cmd 0x170 ctl 0x376 bmdma 0xd008 irq 15
[    1.112064] libphy: Fixed MDIO Bus: probed
[    1.112919] tun: Universal TUN/TAP device driver, 1.6
[    1.113969] PPP generic driver version 2.4.2
[    1.114891] ehci_hcd: USB 2.0 'Enhanced' Host Controller (EHCI) Driver
[    1.116232] ehci-pci: EHCI PCI platform driver
[    1.117158] ehci-platform: EHCI generic platform driver
[    1.118227] ohci_hcd: USB 1.1 'Open' Host Controller (OHCI) Driver
[    1.119667] ohci-pci: OHCI PCI platform driver
[    1.120704] ohci-platform: OHCI generic platform driver
[    1.121892] uhci_hcd: USB Universal Host Controller Interface driver
[    1.123202] i8042: PNP: PS/2 Controller [PNP0303:PS2K,PNP0f03:PS2M] at 0x60,0x64 irq 1,12
[    1.125240] serio: i8042 KBD port at 0x60,0x64 irq 1
[    1.126322] serio: i8042 AUX port at 0x60,0x64 irq 12
[    1.127371] mousedev: PS/2 mouse device common for all mice
[    1.128650] input: AT Translated Set 2 keyboard as /devices/platform/i8042/serio0/input/input2
[    1.130667] rtc_cmos rtc_cmos: rtc core: registered rtc_cmos as rtc0
[    1.131982] rtc_cmos rtc_cmos: alarms up to one day, 114 bytes nvram
[    1.133242] i2c /dev entries driver
[    1.133982] device-mapper: uevent: version 1.0.3
[    1.134917] device-mapper: ioctl: 4.37.0-ioctl (2017-09-20) initialised: dm-devel@redhat.com
[    1.136544] ledtrig-cpu: registered to indicate activity on CPUs
[    1.137761] intel_pmc_core:  initialized
[    1.138635] NET: Registered protocol family 10
[    1.141714] Segment Routing with IPv6
[    1.195425] NET: Registered protocol family 17
[    1.197976] Key type dns_resolver registered
[    1.200143] mce: Using 0 MCE banks
[    1.201467] RAS: Correctable Errors collector initialized.
[    1.203054] sched_clock: Marking stable (1201444156, 0)->(1754957316, -553513160)
[    1.205378] registered taskstats version 1
[    1.206613] Loading compiled-in X.509 certificates
[    1.210150] Loaded X.509 cert 'Build time autogenerated kernel key: 408b96eb428cbe545a63e9a677d083d5c6df802b'
[    1.213952] Loaded X.509 cert 'Canonical Ltd. Live Patch Signing: 14df34d1a87cf37625abec039ef2bf521249b969'
[    1.217476] Loaded X.509 cert 'Canonical Ltd. Kernel Module Signing: 88f752e560a1e0737e31163a466ad7b70a850c19'
[    1.219825] blacklist: Loading compiled-in revocation X.509 certificates
[    1.221479] Loaded X.509 cert 'Canonical Ltd. Secure Boot Signing: 61482aa2830d0ab2ad5af10b7250da9033ddcef0'
[    1.223901] zswap: loaded using pool lzo/zbud
[    1.227304] Key type big_key registered
[    1.228202] Key type trusted registered
[    1.229960] Key type encrypted registered
[    1.230821] AppArmor: AppArmor sha1 policy hashing enabled
[    1.231940] ima: No TPM chip found, activating TPM-bypass! (rc=-19)
[    1.233256] ima: Allocated hash algorithm: sha1
[    1.234206] evm: HMAC attrs: 0x1
[    1.235220]   Magic number: 6:330:793
[    1.236100] rtc_cmos rtc_cmos: setting system clock to 2022-01-19 16:46:10 UTC (1642610770)
[    1.237857] BIOS EDD facility v0.16 2004-Jun-25, 0 devices found
[    1.239078] EDD information not available.
[    1.316775] Freeing unused kernel image memory: 2448K
[    1.324557] Write protecting the kernel read-only data: 20480k
[    1.326774] Freeing unused kernel image memory: 2008K
[    1.328251] Freeing unused kernel image memory: 1824K
[    1.335397] x86/mm: Checked W+X mappings: passed, no W+X pages found.
[    1.337160] x86/mm: Checking user space page tables
[    1.343045] x86/mm: Checked W+X mappings: passed, no W+X pages found.
Loading, please wait...
starting version 237
[    1.614083] e1000: Intel(R) PRO/1000 Network Driver - version 7.3.21-k8-NAPI
[    1.616177] e1000: Copyright (c) 1999-2006 Intel Corporation.
[    1.620370] Fusion MPT base driver 3.04.20
[    1.622032] Copyright (c) 1999-2008 LSI Corporation
[    1.639400] AVX2 version of gcm_enc/dec engaged.
[    1.640861] AES CTR mode by8 optimization enabled
[    1.707218] Fusion MPT SPI Host driver 3.04.20
[    1.739818] vboxvideo: loading out-of-tree module taints kernel.
[    1.742137] vboxvideo: module verification failed: signature and/or required key missing - tainting kernel
[    1.749066] vboxvideo: loading version 6.1.30 r148432
[    1.829517] input: ImExPS/2 Generic Explorer Mouse as /devices/platform/i8042/serio1/input/input4
[    2.527444] e1000 0000:00:03.0 eth0: (PCI:33MHz:32-bit) 02:77:80:ca:b7:e6
[    2.530264] e1000 0000:00:03.0 eth0: Intel(R) PRO/1000 Network Connection
[    2.533264] mptbase: ioc0: Initiating bringup
[    2.628423] ioc0: LSI53C1030 A0: Capabilities={Initiator}
[    2.871310] scsi host2: ioc0: LSI53C1030 A0, FwRev=00000000h, Ports=1, MaxQ=256, IRQ=20
[    3.041173] scsi 2:0:0:0: Direct-Access     VBOX     HARDDISK         1.0  PQ: 0 ANSI: 5
[    3.043968] scsi target2:0:0: Beginning Domain Validation
[    3.046320] [drm] VRAM 01000000
[    3.047857] [TTM] Zone  kernel: Available graphics memory: 246318 kiB
[    3.049973] [TTM] Initializing pool allocator
[    3.051205] [TTM] Initializing DMA pool allocator
[    3.053632] scsi target2:0:0: Domain Validation skipping write tests
[    3.055215] scsi target2:0:0: Ending Domain Validation
[    3.056602] scsi target2:0:0: asynchronous
[    3.059294] fbcon: vboxdrmfb (fb0) is primary device
[    3.060765] Console: switching to colour frame buffer device 100x37
[    3.063721] scsi 2:0:1:0: Direct-Access     VBOX     HARDDISK         1.0  PQ: 0 ANSI: 5
[    3.063727] scsi target2:0:1: Beginning Domain Validation
[    3.066296] vboxvideo 0000:00:02.0: fb0: vboxdrmfb frame buffer device
[    3.067480] [drm] Initialized vboxvideo 1.0.0 20130823 for 0000:00:02.0 on minor 0
[    3.068853] random: fast init done
[    3.069710] random: systemd-udevd: uninitialized urandom read (16 bytes read)
[    3.071444] scsi target2:0:1: Domain Validation skipping write tests
[    3.072558] scsi target2:0:1: Ending Domain Validation
[    3.073487] scsi target2:0:1: asynchronous
[    3.075783] random: systemd-udevd: uninitialized urandom read (16 bytes read)
[    3.077120] random: systemd-udevd: uninitialized urandom read (16 bytes read)
[    3.080976] sd 2:0:0:0: Attached scsi generic sg0 type 0
[    3.082173] sd 2:0:0:0: [sda] 83886080 512-byte logical blocks: (42.9 GB/40.0 GiB)
[    3.083719] sd 2:0:0:0: [sda] Write Protect is off
[    3.084918] sd 2:0:1:0: [sdb] 20480 512-byte logical blocks: (10.5 MB/10.0 MiB)
[    3.086374] sd 2:0:1:0: [sdb] Write Protect is off
[    3.087367] sd 2:0:1:0: Attached scsi generic sg1 type 0
[    3.088858] sd 2:0:1:0: [sdb] Incomplete mode parameter data
[    3.089968] sd 2:0:1:0: [sdb] Assuming drive cache: write through
[    3.091182] sd 2:0:0:0: [sda] Incomplete mode parameter data
[    3.092313] sd 2:0:0:0: [sda] Assuming drive cache: write through
[    3.096621]  sda: sda1
[    3.097452] sd 2:0:1:0: [sdb] Attached SCSI disk
[    3.098629] sd 2:0:0:0: [sda] Attached SCSI disk
[    3.898120] e1000 0000:00:08.0 eth1: (PCI:33MHz:32-bit) 08:00:27:b3:67:93
[    3.900375] e1000 0000:00:08.0 eth1: Intel(R) PRO/1000 Network Connection
[    3.902932] e1000 0000:00:08.0 enp0s8: renamed from eth1
[    3.906148] e1000 0000:00:03.0 enp0s3: renamed from eth0
Begin: Loading essential drivers ... [    4.191433] raid6: sse2x1   gen() 12862 MB/s
[    4.240943] raid6: sse2x1   xor()  8637 MB/s
[    4.344090] raid6: sse2x2   gen() 12860 MB/s
[    4.441199] raid6: sse2x2   xor()  9583 MB/s
[    4.550543] raid6: sse2x4   gen() 18435 MB/s
[    4.712558] raid6: sse2x4   xor() 13601 MB/s
[    4.813839] raid6: avx2x1   gen() 22941 MB/s
[    4.861123] raid6: avx2x1   xor() 20202 MB/s
[    4.961360] raid6: avx2x2   gen() 31430 MB/s
[    5.071005] raid6: avx2x2   xor() 17435 MB/s
[    5.171071] raid6: avx2x4   gen() 37366 MB/s
[    5.268815] raid6: avx2x4   xor() 22149 MB/s
[    5.270216] raid6: using algorithm avx2x4 gen() 37366 MB/s
[    5.271356] raid6: .... xor() 22149 MB/s, rmw enabled
[    5.272447] raid6: using avx2x2 recovery algorithm
[    5.274679] xor: automatically using best checksumming function   avx       
[    5.329976] async_tx: api initialized (async)
done.
Begin: Running /scripts/init-premount ... done.
Begin: Mounting root file system ... Begin: Running /scripts/local-top ... done.
Begin: Running /scripts/local-premount ... [    5.431066] Btrfs loaded, crc32c=crc32c-intel
Scanning for Btrfs filesystems
done.
Begin: Will now check root file system ... fsck from util-linux 2.31.1
[/sbin/fsck.ext4 (1) -- /dev/sda1] fsck.ext4 -a -C0 /dev/sda1 
cloudimg-rootfs: clean, 112517/5120000 files, 820689/10485499 blocks
done.
[    5.470548] EXT4-fs (sda1): mounted filesystem with ordered data mode. Opts: (null)
done.
Begin: Running /scripts/local-bottom ... done.
Begin: Running /scripts/init-bottom ... done.
[    5.685246] ip_tables: (C) 2000-2006 Netfilter Core Team
[    5.692661] systemd[1]: systemd 237 running in system mode. (+PAM +AUDIT +SELINUX +IMA +APPARMOR +SMACK +SYSVINIT +UTMP +LIBCRYPTSETUP +GCRYPT +GNUTLS +ACL +XZ +LZ4 +SECCOMP +BLKID +ELFUTILS +KMOD -IDN2 +IDN -PCRE2 default-hierarchy=hybrid)
[    5.697068] systemd[1]: Detected virtualization oracle.
[    5.698208] systemd[1]: Detected architecture x86-64.

Welcome to [1mUbuntu 18.04.6 LTS[0m!

[    5.702446] systemd[1]: Set hostname to <ubuntu-bionic>.
[    6.000502] systemd[1]: Started Forward Password Requests to Wall Directory Watch.
[[0;32m  OK  [0m] Started Forward Password Requests to Wall Directory Watch.
[    6.003427] systemd[1]: Reached target User and Group Name Lookups.
[[0;32m  OK  [0m] Reached target User and Group Name Lookups.
[    6.006052] systemd[1]: Set up automount Arbitrary Executable File Formats File System Automount Point.
[[0;32m  OK  [0m] Set up automount Arbitrary Executabâ€¦rmats File System Automount Point.
[    6.010136] systemd[1]: Created slice User and Session Slice.
[[0;32m  OK  [0m] Created slice User and Session Slice.
[    6.012527] systemd[1]: Created slice System Slice.
[[0;32m  OK  [0m] Created slice System Slice.
[    6.014402] systemd[1]: Listening on LVM2 metadata daemon socket.
[[0;32m  OK  [0m] Listening on LVM2 metadata daemon socket.
[[0;32m  OK  [0m] Listening on /dev/initctl Compatibility Named Pipe.
[[0;32m  OK  [0m] Listening on LVM2 poll daemon socket.
[[0;32m  OK  [0m] Listening on Network Service Netlink Socket.
[[0;32m  OK  [0m] Listening on Syslog Socket.
[[0;32m  OK  [0m] Listening on Journal Audit Socket.
[[0;32m  OK  [0m] Listening on Journal Socket (/dev/log).
[[0;32m  OK  [0m] Created slice system-serial\x2dgetty.slice.
[[0;32m  OK  [0m] Listening on Device-mapper event daemon FIFOs.
[[0;32m  OK  [0m] Listening on Journal Socket.
         Starting Create list of required stâ€¦ce nodes for the current kernel...
         Starting Load Kernel Modules...
         Starting Monitoring of LVM2 mirrorsâ€¦ng dmeventd or progress polling...
         Starting Journal Service...
[    6.129692] Loading iSCSI transport class v2.0-870.
         Starting Set the console keyboard layout...
[[0;32m  OK  [0m] Listening on udev Kernel Socket.
         Mounting Huge Pages File System...
         Mounting POSIX Message Queue File System...
[[0;32m  OK  [0m] Reached target Slices.
[[0;32m  OK  [0m] Reached target System Time Synchronized.
[[0;32m  OK  [0m] Reached target Swap.
         Starting Uncomplicated firewall...
         Mounting Kernel Debug File System...
[[0;32m  OK  [0m] Listening on udev Control Socket.
         Starting udev Coldplug all Devices...
[[0;32m  OK  [0m] Listening on fsck to fsckd communication Socket.
         Starting Remount Root and Kernel File Systems...
[[0;32m  OK  [0m] Started Journal Service.
[[0;32m  OK  [0m] Started Create list of required staâ€¦vice nodes for the current kernel.
         Starting Create Static Device Nodes in /dev...
[    6.261440] iscsi: registered transport (tcp)
[[0;32m  OK  [0m] Mounted Kernel Debug File System.
[[0;32m  OK  [0m] Mounted Huge Pages File System.
[[0;32m  OK  [0m] Mounted POSIX Message Queue File System.
[[0;32m  OK  [0m] Started Uncomplicated firewall.
[    6.361084] EXT4-fs (sda1): re-mounted. Opts: (null)
[[0;32m  OK  [0m] Started Remount Root and Kernel File Systems.
[[0;32m  OK  [0m] Started udev Coldplug all Devices.
[[0;32m  OK  [0m] Started LVM2 metadata daemon.
[    6.396572] iscsi: registered transport (iser)
         Starting Load/Save Random Seed...
         Starting Flush Journal to Persistent Storage...
[[0;32m  OK  [0m] Started Load Kernel Modules.
         Mounting FUSE Control File System...
         Mounting Kernel Configuration File System...
         Starting Apply Kernel Variables...
[[0;32m  OK  [0m] Mounted FUSE Control File System.
[[0;32m  OK  [0m] Mounted Kernel Configuration File System.
[    6.489622] systemd-journald[413]: Received request to flush runtime journal from PID 1
[[0;32m  OK  [0m] Started Load/Save Random Seed.
[[0;32m  OK  [0m] Started Create Static Device Nodes in /dev.
         Starting udev Kernel Device Manager...
[[0;32m  OK  [0m] Started Apply Kernel Variables.
[[0;32m  OK  [0m] Started udev Kernel Device Manager.
[[0;32m  OK  [0m] Started Set the console keyboard layout.
[[0;32m  OK  [0m] Started Dispatch Password Requests to Console Directory Watch.
[[0;32m  OK  [0m] Reached target Local Encrypted Volumes.
[[0;32m  OK  [0m] Started Monitoring of LVM2 mirrors,â€¦sing dmeventd or progress polling.
[[0;32m  OK  [0m] Reached target Local File Systems (Pre).
[[0;32m  OK  [0m] Reached target Local File Systems.
         Starting ebtables ruleset management...
         Starting AppArmor initialization...
         Starting netfilter persistent configuration...
         Starting Tell Plymouth To Write Out Runtime Data...
         Starting Set console font and keymap...
[[0;32m  OK  [0m] Started Flush Journal to Persistent Storage.
         Starting Create Volatile Files and Directories...
[[0;32m  OK  [0m] Started Tell Plymouth To Write Out Runtime Data.
[[0;32m  OK  [0m] Started Set console font and keymap.
[[0;32m  OK  [0m] Started Create Volatile Files and Directories.
         Starting Update UTMP about System Boot/Shutdown...
[[0;32m  OK  [0m] Started Update UTMP about System Boot/Shutdown.
[[0;32m  OK  [0m] Started netfilter persistent configuration.
[[0;32m  OK  [0m] Found device /dev/ttyS0.
[[0;32m  OK  [0m] Started ebtables ruleset management.
[[0;32m  OK  [0m] Listening on Load/Save RF Kill Switch Status /dev/rfkill Watch.
[[0;32m  OK  [0m] Started AppArmor initialization.
         Starting Load AppArmor profiles managed internally by snapd...
         Starting Initial cloud-init job (pre-networking)...
[[0;32m  OK  [0m] Started Load AppArmor profiles managed internally by snapd.
[    9.690217] cloud-init[580]: Cloud-init v. 21.4-0ubuntu1~18.04.1 running 'init-local' at Wed, 19 Jan 2022 16:46:18 +0000. Up 9.43 seconds.
[[0;32m  OK  [0m] Started Initial cloud-init job (pre-networking).
[[0;32m  OK  [0m] Reached target Network (Pre).
         Starting Network Service...
[[0;32m  OK  [0m] Started Network Service.
         Starting Wait for Network to be Configured...
         Starting Network Name Resolution...
[[0;32m  OK  [0m] Started Network Name Resolution.
[[0;32m  OK  [0m] Reached target Host and Network Name Lookups.
[[0;32m  OK  [0m] Reached target Network.
[[0;32m  OK  [0m] Started Wait for Network to be Configured.
         Starting Initial cloud-init job (metadata service crawler)...
[   12.331712] cloud-init[714]: Cloud-init v. 21.4-0ubuntu1~18.04.1 running 'init' at Wed, 19 Jan 2022 16:46:21 +0000. Up 12.05 seconds.
[   12.344218] cloud-init[714]: ci-info: ++++++++++++++++++++++++++++++++++++++Net device info+++++++++++++++++++++++++++++++++++++++
[   12.345427] cloud-init[714]: ci-info: +--------+-------+----------------------------+---------------+--------+-------------------+
[   12.356257] cloud-init[714]: ci-info: | Device |   Up  |          Address           |      Mask     | Scope  |     Hw-Address    |
[   12.358363] cloud-init[714]: ci-info: +--------+-------+----------------------------+---------------+--------+-------------------+
[   12.361266] cloud-init[714]: ci-info: | enp0s3 |  True |       192.168.121.15       | 255.255.255.0 | global | 02:77:80:ca:b7:e6 |
[   12.362504] cloud-init[714]: ci-info: | enp0s3 |  True | fe80::77:80ff:feca:b7e6/64 |       .       |  link  | 02:77:80:ca:b7:e6 |
[   12.365472] cloud-init[714]: ci-info: | enp0s8 | False |             .              |       .       |   .    | 08:00:27:b3:67:93 |
[   12.372098] cloud-init[714]: ci-info: |   lo   |  True |         127.0.0.1          |   255.0.0.0   |  host  |         .         |
[   12.374193] cloud-init[714]: ci-info: |   lo   |  True |          ::1/128           |       .       |  host  |         .         |
[   12.376319] cloud-init[714]: ci-info: +--------+-------+----------------------------+---------------+--------+-------------------+
[   12.425740] cloud-init[714]: ci-info: ++++++++++++++++++++++++++++++++Route IPv4 info++++++++++++++++++++++++++++++++
[   12.429440] cloud-init[714]: ci-info: +-------+---------------+---------------+-----------------+-----------+-------+
[   12.430476] cloud-init[714]: ci-info: | Route |  Destination  |    Gateway    |     Genmask     | Interface | Flags |
[   12.440226] cloud-init[714]: ci-info: +-------+---------------+---------------+-----------------+-----------+-------+
[   12.442567] cloud-init[714]: ci-info: |   0   |    0.0.0.0    | 192.168.121.2 |     0.0.0.0     |   enp0s3  |   UG  |
[   12.447940] cloud-init[714]: ci-info: |   1   | 192.168.121.0 |    0.0.0.0    |  255.255.255.0  |   enp0s3  |   U   |
[   12.453342] cloud-init[714]: ci-info: |   2   | 192.168.121.2 |    0.0.0.0    | 255.255.255.255 |   enp0s3  |   UH  |
[   12.456721] cloud-init[714]: ci-info: +-------+---------------+---------------+-----------------+-----------+-------+
[   12.458795] cloud-init[714]: ci-info: +++++++++++++++++++Route IPv6 info+++++++++++++++++++
[   12.460713] cloud-init[714]: ci-info: +-------+-------------+---------+-----------+-------+
[   12.462379] cloud-init[714]: ci-info: | Route | Destination | Gateway | Interface | Flags |
[   12.464102] cloud-init[714]: ci-info: +-------+-------------+---------+-----------+-------+
[   12.465888] cloud-init[714]: ci-info: |   1   |  fe80::/64  |    ::   |   enp0s3  |   U   |
[   12.467049] cloud-init[714]: ci-info: |   3   |   anycast   |    ::   |   enp0s3  |   U   |
[   12.469004] cloud-init[714]: ci-info: |   4   |    local    |    ::   |   enp0s3  |   U   |
[   12.470983] cloud-init[714]: ci-info: |   5   |   ff00::/8  |    ::   |   enp0s3  |   U   |
[   12.472679] cloud-init[714]: ci-info: +-------+-------------+---------+-----------+-------+
[[0;32m  OK  [0m] Started Initial cloud-init job (metadata service crawler).
[[0;32m  OK  [0m] Reached target Cloud-config availability.
[[0;32m  OK  [0m] Reached target System Initialization.
[[0;32m  OK  [0m] Started ACPI Events Check.
[[0;32m  OK  [0m] Listening on Open-iSCSI iscsid Socket.
[[0;32m  OK  [0m] Started Daily apt download activities.
[[0;32m  OK  [0m] Started Daily Cleanup of Temporary Directories.
[[0;32m  OK  [0m] Listening on ACPID Listen Socket.
[[0;32m  OK  [0m] Started Daily apt upgrade and clean activities.
[[0;32m  OK  [0m] Started Ubuntu Advantage Timer for running repeated jobs.
[[0;32m  OK  [0m] Listening on UUID daemon activation socket.
         Starting LXD - unix socket.
         Starting Socket activation for snappy daemon.
[[0;32m  OK  [0m] Listening on D-Bus System Message Bus Socket.
[[0;32m  OK  [0m] Started Message of the Day.
[[0;32m  OK  [0m] Listening on cloud-init hotplug hook socket.
[[0;32m  OK  [0m] Started Discard unused blocks once a week.
[[0;32m  OK  [0m] Reached target Timers.
[[0;32m  OK  [0m] Started Trigger to poll for Ubuntu â€¦(Only enabled on GCP LTS non-pro).
[[0;32m  OK  [0m] Reached target Paths.
[[0;32m  OK  [0m] Reached target Network is Online.
[[0;32m  OK  [0m] Reached target Remote File Systems (Pre).
         Mounting /vagrant...
         Starting Availability of block devices...
[[0;32m  OK  [0m] Listening on LXD - unix socket.
[[0;32m  OK  [0m] Listening on Socket activation for snappy daemon.
[[0;1;31mFAILED[0m] Failed to mount /vagrant.
See 'systemctl status vagrant.mount' for details.
[[0;1;33mDEPEND[0m] Dependency failed for Remote File Systems.
[[0;32m  OK  [0m] Started Availability of block devices.
[[0;32m  OK  [0m] Reached target Sockets.
[[0;32m  OK  [0m] Reached target Basic System.
         Starting LSB: automatic crash report generation...
         Starting Dispatcher daemon for systemd-networkd...
         Starting vboxadd.service...
[[0;32m  OK  [0m] Started strongSwan IPsec IKEv1/IKEv2 daemon using ipsec.conf.
         Starting System Logging Service...
[[0;32m  OK  [0m] Started irqbalance daemon.
         Starting Login Service...
[[0;32m  OK  [0m] Started FUSE filesystem for LXC.
         Starting LSB: Record successful boot for GRUB...
         Starting Accounts Service...
         Starting Permit User Sessions...
[[0;32m  OK  [0m] Started Regular background program processing daemon.
         Starting Snap Daemon...
         Starting Message of the Day...
[[0;32m  OK  [0m] Started D-Bus System Message Bus.
[[0;32m  OK  [0m] Started Login Service.
[[0;32m  OK  [0m] Started Unattended Upgrades Shutdown.
[[0;32m  OK  [0m] Started Deferred execution scheduler.
         Starting OpenBSD Secure Shell server...
         Starting LXD - container startup/shutdown...
[[0;32m  OK  [0m] Started System Logging Service.
[[0;32m  OK  [0m] Started Permit User Sessions.
         Starting Authorization Manager...
         Starting Terminate Plymouth Boot Screen...
         Starting Hold until boot process finishes up...
[[0;32m  OK  [0m] Started Hold until boot process finishes up.
         Starting Set console scheme...
[[0;32m  OK  [0m] Started Serial Getty on ttyS0.
[[0;32m  OK  [0m] Started Terminate Plymouth Boot Screen.
[[0;32m  OK  [0m] Started LSB: automatic crash report generation.
[[0;32m  OK  [0m] Started Set console scheme.
[[0;32m  OK  [0m] Created slice system-getty.slice.
[[0;32m  OK  [0m] Started Getty on tty1.
[[0;32m  OK  [0m] Reached target Login Prompts.
[[0;32m  OK  [0m] Started OpenBSD Secure Shell server.
[[0;32m  OK  [0m] Started Authorization Manager.
[[0;32m  OK  [0m] Started Accounts Service.
[[0;32m  OK  [0m] Started Dispatcher daemon for systemd-networkd.
[[0;32m  OK  [0m] Started LSB: Record successful boot for GRUB.
[[0;32m  OK  [0m] Started LXD - container startup/shutdown.
[[0;32m  OK  [0m] Started Snap Daemon.
         Starting Wait until snapd is fully seeded...
[[0;32m  OK  [0m] Started Wait until snapd is fully seeded.
         Starting Apply the settings specified in cloud-config...
[[0;32m  OK  [0m] Created slice User Slice of vagrant.
         Starting User Manager for UID 1000...
[[0;32m  OK  [0m] Started Session 1 of user vagrant.
[[0;32m  OK  [0m] Started User Manager for UID 1000.
[[0;32m  OK  [0m] Started vboxadd.service.
         Starting vboxadd-service.service...
[[0;32m  OK  [0m] Started vboxadd-service.service.
[[0;32m  OK  [0m] Reached target Multi-User System.
[[0;32m  OK  [0m] Reached target Graphical Interface.
         Starting Update UTMP about System Runlevel Changes...
[[0;32m  OK  [0m] Started Update UTMP about System Runlevel Changes.
[   18.618535] cloud-init[1259]: Cloud-init v. 21.4-0ubuntu1~18.04.1 running 'modules:config' at Wed, 19 Jan 2022 16:46:27 +0000. Up 18.33 seconds.
[[0;32m  OK  [0m] Started Apply the settings specified in cloud-config.
         Starting Execute cloud user/final scripts...
[   20.381715] cloud-init[1543]: Cloud-init v. 21.4-0ubuntu1~18.04.1 running 'modules:final' at Wed, 19 Jan 2022 16:46:29 +0000. Up 20.16 seconds.
[   20.382146] cloud-init[1543]: Cloud-init v. 21.4-0ubuntu1~18.04.1 finished at Wed, 19 Jan 2022 16:46:29 +0000. Datasource DataSourceNoCloud [seed=/dev/sdb][dsmode=net].  Up 20.37 seconds

Ubuntu 18.04.6 LTS ubuntu-bionic ttyS0

ubuntu-bionic login: 